
*** Running vivado
    with args -log SUMBE_Multiplier_32.vds -m64 -product Vivado -mode batch -messageDb vivado.pb -notrace -source SUMBE_Multiplier_32.tcl


****** Vivado v2020.2 (64-bit)
  **** SW Build 3064766 on Wed Nov 18 09:12:47 MST 2020
  **** IP Build 3064653 on Wed Nov 18 14:17:31 MST 2020
    ** Copyright 1986-2020 Xilinx, Inc. All Rights Reserved.

source SUMBE_Multiplier_32.tcl -notrace
Command: synth_design -top SUMBE_Multiplier_32 -part xc7z020clg400-1 -flatten_hierarchy none
Starting synth_design
Attempting to get a license for feature 'Synthesis' and/or device 'xc7z020'
INFO: [Common 17-349] Got license for feature 'Synthesis' and/or device 'xc7z020'
INFO: [Synth 8-7079] Multithreading enabled for synth_design using a maximum of 4 processes.
INFO: [Synth 8-7078] Launching helper process for spawning children vivado processes
INFO: [Synth 8-7075] Helper process launched with PID 13721
---------------------------------------------------------------------------------
Starting Synthesize : Time (s): cpu = 00:00:02 ; elapsed = 00:00:03 . Memory (MB): peak = 2400.730 ; gain = 0.000 ; free physical = 447 ; free virtual = 5490
---------------------------------------------------------------------------------
INFO: [Synth 8-6157] synthesizing module 'SUMBE_Multiplier_32' [/home/anupam/SUMBE_Multiplier_32bit/SUMBE_Multiplier_32bit.srcs/sources_1/new/SUMBE_Multiplier_32.v:1]
INFO: [Synth 8-6157] synthesizing module 'Sign_Extender' [/home/anupam/SUMBE_Multiplier_32bit/SUMBE_Multiplier_32bit.srcs/sources_1/new/Sign_Extender.v:1]
INFO: [Synth 8-6155] done synthesizing module 'Sign_Extender' (1#1) [/home/anupam/SUMBE_Multiplier_32bit/SUMBE_Multiplier_32bit.srcs/sources_1/new/Sign_Extender.v:1]
INFO: [Synth 8-6157] synthesizing module 'Yeh_Jen_Modified_Booth_Encoder' [/home/anupam/SUMBE_Multiplier_32bit/SUMBE_Multiplier_32bit.srcs/sources_1/new/Yeh_Jen_Modified_Booth_Encoder.v:1]
INFO: [Synth 8-6155] done synthesizing module 'Yeh_Jen_Modified_Booth_Encoder' (2#1) [/home/anupam/SUMBE_Multiplier_32bit/SUMBE_Multiplier_32bit.srcs/sources_1/new/Yeh_Jen_Modified_Booth_Encoder.v:1]
INFO: [Synth 8-6157] synthesizing module 'Yeh_Jen_Modified_Booth_Decoder' [/home/anupam/SUMBE_Multiplier_32bit/SUMBE_Multiplier_32bit.srcs/sources_1/new/Yeh_Jen_Modified_Booth_Decoder.v:1]
INFO: [Synth 8-6155] done synthesizing module 'Yeh_Jen_Modified_Booth_Decoder' (3#1) [/home/anupam/SUMBE_Multiplier_32bit/SUMBE_Multiplier_32bit.srcs/sources_1/new/Yeh_Jen_Modified_Booth_Decoder.v:1]
INFO: [Synth 8-6157] synthesizing module 'Negate_bit_add' [/home/anupam/SUMBE_Multiplier_32bit/SUMBE_Multiplier_32bit.srcs/sources_1/new/Negate_bit_add.v:1]
INFO: [Synth 8-6155] done synthesizing module 'Negate_bit_add' (4#1) [/home/anupam/SUMBE_Multiplier_32bit/SUMBE_Multiplier_32bit.srcs/sources_1/new/Negate_bit_add.v:1]
INFO: [Synth 8-6157] synthesizing module 'ha' [/home/anupam/SUMBE_Multiplier_32bit/SUMBE_Multiplier_32bit.srcs/sources_1/new/ha.v:1]
INFO: [Synth 8-6155] done synthesizing module 'ha' (5#1) [/home/anupam/SUMBE_Multiplier_32bit/SUMBE_Multiplier_32bit.srcs/sources_1/new/ha.v:1]
INFO: [Synth 8-6157] synthesizing module 'fa' [/home/anupam/SUMBE_Multiplier_32bit/SUMBE_Multiplier_32bit.srcs/sources_1/new/fa.v:1]
INFO: [Synth 8-6155] done synthesizing module 'fa' (6#1) [/home/anupam/SUMBE_Multiplier_32bit/SUMBE_Multiplier_32bit.srcs/sources_1/new/fa.v:1]
INFO: [Synth 8-6157] synthesizing module 'BK_Adder_64' [/home/anupam/SUMBE_Multiplier_32bit/SUMBE_Multiplier_32bit.srcs/sources_1/new/BK_Adder_64.v:1]
INFO: [Synth 8-6155] done synthesizing module 'BK_Adder_64' (7#1) [/home/anupam/SUMBE_Multiplier_32bit/SUMBE_Multiplier_32bit.srcs/sources_1/new/BK_Adder_64.v:1]
INFO: [Synth 8-6155] done synthesizing module 'SUMBE_Multiplier_32' (8#1) [/home/anupam/SUMBE_Multiplier_32bit/SUMBE_Multiplier_32bit.srcs/sources_1/new/SUMBE_Multiplier_32.v:1]
---------------------------------------------------------------------------------
Finished Synthesize : Time (s): cpu = 00:00:03 ; elapsed = 00:00:04 . Memory (MB): peak = 2400.730 ; gain = 0.000 ; free physical = 279 ; free virtual = 5191
---------------------------------------------------------------------------------
---------------------------------------------------------------------------------
Finished Constraint Validation : Time (s): cpu = 00:00:03 ; elapsed = 00:00:04 . Memory (MB): peak = 2400.730 ; gain = 0.000 ; free physical = 852 ; free virtual = 5763
---------------------------------------------------------------------------------
---------------------------------------------------------------------------------
Start Loading Part and Timing Information
---------------------------------------------------------------------------------
Loading part: xc7z020clg400-1
---------------------------------------------------------------------------------
INFO: [Device 21-403] Loading part xc7z020clg400-1
Finished Loading Part and Timing Information : Time (s): cpu = 00:00:03 ; elapsed = 00:00:04 . Memory (MB): peak = 2406.762 ; gain = 6.031 ; free physical = 852 ; free virtual = 5763
---------------------------------------------------------------------------------
---------------------------------------------------------------------------------
Finished RTL Optimization Phase 2 : Time (s): cpu = 00:00:05 ; elapsed = 00:00:05 . Memory (MB): peak = 2406.762 ; gain = 6.031 ; free physical = 800 ; free virtual = 5713
---------------------------------------------------------------------------------
No constraint files found.
---------------------------------------------------------------------------------
Start RTL Component Statistics 
---------------------------------------------------------------------------------
Detailed RTL Component Info : 
+---XORs : 
	   3 Input     64 Bit         XORs := 1     
	   2 Input      1 Bit         XORs := 1232  
	   3 Input      1 Bit         XORs := 481   
---------------------------------------------------------------------------------
Finished RTL Component Statistics 
---------------------------------------------------------------------------------
---------------------------------------------------------------------------------
Start Part Resource Summary
---------------------------------------------------------------------------------
Part Resources:
DSPs: 220 (col length:60)
BRAMs: 280 (col length: RAMB18 60 RAMB36 30)
---------------------------------------------------------------------------------
Finished Part Resource Summary
---------------------------------------------------------------------------------
No constraint files found.
---------------------------------------------------------------------------------
Start Cross Boundary and Area Optimization
---------------------------------------------------------------------------------
---------------------------------------------------------------------------------
Finished Cross Boundary and Area Optimization : Time (s): cpu = 00:00:09 ; elapsed = 00:00:12 . Memory (MB): peak = 2406.762 ; gain = 6.031 ; free physical = 657 ; free virtual = 5574
---------------------------------------------------------------------------------
No constraint files found.
---------------------------------------------------------------------------------
Start Timing Optimization
---------------------------------------------------------------------------------
---------------------------------------------------------------------------------
Finished Timing Optimization : Time (s): cpu = 00:00:10 ; elapsed = 00:00:13 . Memory (MB): peak = 2406.762 ; gain = 6.031 ; free physical = 666 ; free virtual = 5584
---------------------------------------------------------------------------------
---------------------------------------------------------------------------------
Start Technology Mapping
---------------------------------------------------------------------------------
---------------------------------------------------------------------------------
Finished Technology Mapping : Time (s): cpu = 00:00:12 ; elapsed = 00:00:22 . Memory (MB): peak = 2406.762 ; gain = 6.031 ; free physical = 658 ; free virtual = 5576
---------------------------------------------------------------------------------
---------------------------------------------------------------------------------
Start IO Insertion
---------------------------------------------------------------------------------
---------------------------------------------------------------------------------
Start Final Netlist Cleanup
---------------------------------------------------------------------------------
---------------------------------------------------------------------------------
Finished Final Netlist Cleanup
---------------------------------------------------------------------------------
---------------------------------------------------------------------------------
Finished IO Insertion : Time (s): cpu = 00:00:14 ; elapsed = 00:00:24 . Memory (MB): peak = 2406.762 ; gain = 6.031 ; free physical = 675 ; free virtual = 5592
---------------------------------------------------------------------------------
---------------------------------------------------------------------------------
Start Renaming Generated Instances
---------------------------------------------------------------------------------
---------------------------------------------------------------------------------
Finished Renaming Generated Instances : Time (s): cpu = 00:00:14 ; elapsed = 00:00:24 . Memory (MB): peak = 2406.762 ; gain = 6.031 ; free physical = 675 ; free virtual = 5592
---------------------------------------------------------------------------------
---------------------------------------------------------------------------------
Start Handling Custom Attributes
---------------------------------------------------------------------------------
---------------------------------------------------------------------------------
Finished Handling Custom Attributes : Time (s): cpu = 00:00:14 ; elapsed = 00:00:24 . Memory (MB): peak = 2406.762 ; gain = 6.031 ; free physical = 675 ; free virtual = 5592
---------------------------------------------------------------------------------
---------------------------------------------------------------------------------
Start Writing Synthesis Report
---------------------------------------------------------------------------------

Report BlackBoxes: 
+-+--------------+----------+
| |BlackBox name |Instances |
+-+--------------+----------+
+-+--------------+----------+

Report Cell Usage: 
+------+-----+------+
|      |Cell |Count |
+------+-----+------+
|1     |LUT1 |    19|
|2     |LUT2 |   180|
|3     |LUT3 |  1015|
|4     |LUT4 |    42|
|5     |LUT5 |   106|
|6     |LUT6 |   535|
|7     |IBUF |    66|
|8     |OBUF |    65|
+------+-----+------+

Report Instance Areas: 
+------+--------------+------------------------------------+------+
|      |Instance      |Module                              |Cells |
+------+--------------+------------------------------------+------+
|1     |top           |                                    |  2028|
|2     |  S_E         |Sign_Extender                       |     2|
|3     |  Enc_0       |Yeh_Jen_Modified_Booth_Encoder__1   |     2|
|4     |  Dec_0_0     |Yeh_Jen_Modified_Booth_Decoder__1   |     1|
|5     |  Dec_0_1     |Yeh_Jen_Modified_Booth_Decoder__2   |     1|
|6     |  Dec_0_2     |Yeh_Jen_Modified_Booth_Decoder__3   |     1|
|7     |  Dec_0_3     |Yeh_Jen_Modified_Booth_Decoder__4   |     1|
|8     |  Dec_0_4     |Yeh_Jen_Modified_Booth_Decoder__5   |     1|
|9     |  Dec_0_5     |Yeh_Jen_Modified_Booth_Decoder__6   |     1|
|10    |  Dec_0_6     |Yeh_Jen_Modified_Booth_Decoder__7   |     1|
|11    |  Dec_0_7     |Yeh_Jen_Modified_Booth_Decoder__8   |     1|
|12    |  Dec_0_8     |Yeh_Jen_Modified_Booth_Decoder__9   |     1|
|13    |  Dec_0_9     |Yeh_Jen_Modified_Booth_Decoder__10  |     1|
|14    |  Dec_0_10    |Yeh_Jen_Modified_Booth_Decoder__11  |     1|
|15    |  Dec_0_11    |Yeh_Jen_Modified_Booth_Decoder__12  |     1|
|16    |  Dec_0_12    |Yeh_Jen_Modified_Booth_Decoder__13  |     1|
|17    |  Dec_0_13    |Yeh_Jen_Modified_Booth_Decoder__14  |     1|
|18    |  Dec_0_14    |Yeh_Jen_Modified_Booth_Decoder__15  |     1|
|19    |  Dec_0_15    |Yeh_Jen_Modified_Booth_Decoder__16  |     1|
|20    |  Dec_0_16    |Yeh_Jen_Modified_Booth_Decoder__17  |     1|
|21    |  Dec_0_17    |Yeh_Jen_Modified_Booth_Decoder__18  |     1|
|22    |  Dec_0_18    |Yeh_Jen_Modified_Booth_Decoder__19  |     1|
|23    |  Dec_0_19    |Yeh_Jen_Modified_Booth_Decoder__20  |     1|
|24    |  Dec_0_20    |Yeh_Jen_Modified_Booth_Decoder__21  |     1|
|25    |  Dec_0_21    |Yeh_Jen_Modified_Booth_Decoder__22  |     1|
|26    |  Dec_0_22    |Yeh_Jen_Modified_Booth_Decoder__23  |     1|
|27    |  Dec_0_23    |Yeh_Jen_Modified_Booth_Decoder__24  |     1|
|28    |  Dec_0_24    |Yeh_Jen_Modified_Booth_Decoder__25  |     1|
|29    |  Dec_0_25    |Yeh_Jen_Modified_Booth_Decoder__26  |     1|
|30    |  Dec_0_26    |Yeh_Jen_Modified_Booth_Decoder__27  |     1|
|31    |  Dec_0_27    |Yeh_Jen_Modified_Booth_Decoder__28  |     1|
|32    |  Dec_0_28    |Yeh_Jen_Modified_Booth_Decoder__29  |     1|
|33    |  Dec_0_29    |Yeh_Jen_Modified_Booth_Decoder__30  |     1|
|34    |  Dec_0_30    |Yeh_Jen_Modified_Booth_Decoder__31  |     1|
|35    |  Dec_0_31    |Yeh_Jen_Modified_Booth_Decoder__32  |     1|
|36    |  Dec_0_32    |Yeh_Jen_Modified_Booth_Decoder__33  |     1|
|37    |  Dec_0_33    |Yeh_Jen_Modified_Booth_Decoder__34  |     1|
|38    |  Enc_2       |Yeh_Jen_Modified_Booth_Encoder__2   |     3|
|39    |  Dec_2_0     |Yeh_Jen_Modified_Booth_Decoder__35  |     1|
|40    |  Dec_2_1     |Yeh_Jen_Modified_Booth_Decoder__36  |     1|
|41    |  Dec_2_2     |Yeh_Jen_Modified_Booth_Decoder__37  |     1|
|42    |  Dec_2_3     |Yeh_Jen_Modified_Booth_Decoder__38  |     1|
|43    |  Dec_2_4     |Yeh_Jen_Modified_Booth_Decoder__39  |     1|
|44    |  Dec_2_5     |Yeh_Jen_Modified_Booth_Decoder__40  |     1|
|45    |  Dec_2_6     |Yeh_Jen_Modified_Booth_Decoder__41  |     1|
|46    |  Dec_2_7     |Yeh_Jen_Modified_Booth_Decoder__42  |     1|
|47    |  Dec_2_8     |Yeh_Jen_Modified_Booth_Decoder__43  |     1|
|48    |  Dec_2_9     |Yeh_Jen_Modified_Booth_Decoder__44  |     1|
|49    |  Dec_2_10    |Yeh_Jen_Modified_Booth_Decoder__45  |     1|
|50    |  Dec_2_11    |Yeh_Jen_Modified_Booth_Decoder__46  |     1|
|51    |  Dec_2_12    |Yeh_Jen_Modified_Booth_Decoder__47  |     1|
|52    |  Dec_2_13    |Yeh_Jen_Modified_Booth_Decoder__48  |     1|
|53    |  Dec_2_14    |Yeh_Jen_Modified_Booth_Decoder__49  |     1|
|54    |  Dec_2_15    |Yeh_Jen_Modified_Booth_Decoder__50  |     1|
|55    |  Dec_2_16    |Yeh_Jen_Modified_Booth_Decoder__51  |     1|
|56    |  Dec_2_17    |Yeh_Jen_Modified_Booth_Decoder__52  |     1|
|57    |  Dec_2_18    |Yeh_Jen_Modified_Booth_Decoder__53  |     1|
|58    |  Dec_2_19    |Yeh_Jen_Modified_Booth_Decoder__54  |     1|
|59    |  Dec_2_20    |Yeh_Jen_Modified_Booth_Decoder__55  |     1|
|60    |  Dec_2_21    |Yeh_Jen_Modified_Booth_Decoder__56  |     1|
|61    |  Dec_2_22    |Yeh_Jen_Modified_Booth_Decoder__57  |     1|
|62    |  Dec_2_23    |Yeh_Jen_Modified_Booth_Decoder__58  |     1|
|63    |  Dec_2_24    |Yeh_Jen_Modified_Booth_Decoder__59  |     1|
|64    |  Dec_2_25    |Yeh_Jen_Modified_Booth_Decoder__60  |     1|
|65    |  Dec_2_26    |Yeh_Jen_Modified_Booth_Decoder__61  |     1|
|66    |  Dec_2_27    |Yeh_Jen_Modified_Booth_Decoder__62  |     1|
|67    |  Dec_2_28    |Yeh_Jen_Modified_Booth_Decoder__63  |     1|
|68    |  Dec_2_29    |Yeh_Jen_Modified_Booth_Decoder__64  |     1|
|69    |  Dec_2_30    |Yeh_Jen_Modified_Booth_Decoder__65  |     1|
|70    |  Dec_2_31    |Yeh_Jen_Modified_Booth_Decoder__66  |     1|
|71    |  Dec_2_32    |Yeh_Jen_Modified_Booth_Decoder__67  |     1|
|72    |  Dec_2_33    |Yeh_Jen_Modified_Booth_Decoder__68  |     1|
|73    |  Enc_4       |Yeh_Jen_Modified_Booth_Encoder__3   |     3|
|74    |  Dec_4_0     |Yeh_Jen_Modified_Booth_Decoder__69  |     1|
|75    |  Dec_4_1     |Yeh_Jen_Modified_Booth_Decoder__70  |     1|
|76    |  Dec_4_2     |Yeh_Jen_Modified_Booth_Decoder__71  |     1|
|77    |  Dec_4_3     |Yeh_Jen_Modified_Booth_Decoder__72  |     1|
|78    |  Dec_4_4     |Yeh_Jen_Modified_Booth_Decoder__73  |     1|
|79    |  Dec_4_5     |Yeh_Jen_Modified_Booth_Decoder__74  |     1|
|80    |  Dec_4_6     |Yeh_Jen_Modified_Booth_Decoder__75  |     1|
|81    |  Dec_4_7     |Yeh_Jen_Modified_Booth_Decoder__76  |     1|
|82    |  Dec_4_8     |Yeh_Jen_Modified_Booth_Decoder__77  |     1|
|83    |  Dec_4_9     |Yeh_Jen_Modified_Booth_Decoder__78  |     1|
|84    |  Dec_4_10    |Yeh_Jen_Modified_Booth_Decoder__79  |     1|
|85    |  Dec_4_11    |Yeh_Jen_Modified_Booth_Decoder__80  |     1|
|86    |  Dec_4_12    |Yeh_Jen_Modified_Booth_Decoder__81  |     1|
|87    |  Dec_4_13    |Yeh_Jen_Modified_Booth_Decoder__82  |     1|
|88    |  Dec_4_14    |Yeh_Jen_Modified_Booth_Decoder__83  |     1|
|89    |  Dec_4_15    |Yeh_Jen_Modified_Booth_Decoder__84  |     1|
|90    |  Dec_4_16    |Yeh_Jen_Modified_Booth_Decoder__85  |     1|
|91    |  Dec_4_17    |Yeh_Jen_Modified_Booth_Decoder__86  |     1|
|92    |  Dec_4_18    |Yeh_Jen_Modified_Booth_Decoder__87  |     1|
|93    |  Dec_4_19    |Yeh_Jen_Modified_Booth_Decoder__88  |     1|
|94    |  Dec_4_20    |Yeh_Jen_Modified_Booth_Decoder__89  |     1|
|95    |  Dec_4_21    |Yeh_Jen_Modified_Booth_Decoder__90  |     1|
|96    |  Dec_4_22    |Yeh_Jen_Modified_Booth_Decoder__91  |     1|
|97    |  Dec_4_23    |Yeh_Jen_Modified_Booth_Decoder__92  |     1|
|98    |  Dec_4_24    |Yeh_Jen_Modified_Booth_Decoder__93  |     1|
|99    |  Dec_4_25    |Yeh_Jen_Modified_Booth_Decoder__94  |     1|
|100   |  Dec_4_26    |Yeh_Jen_Modified_Booth_Decoder__95  |     1|
|101   |  Dec_4_27    |Yeh_Jen_Modified_Booth_Decoder__96  |     1|
|102   |  Dec_4_28    |Yeh_Jen_Modified_Booth_Decoder__97  |     1|
|103   |  Dec_4_29    |Yeh_Jen_Modified_Booth_Decoder__98  |     1|
|104   |  Dec_4_30    |Yeh_Jen_Modified_Booth_Decoder__99  |     1|
|105   |  Dec_4_31    |Yeh_Jen_Modified_Booth_Decoder__100 |     1|
|106   |  Dec_4_32    |Yeh_Jen_Modified_Booth_Decoder__101 |     1|
|107   |  Dec_4_33    |Yeh_Jen_Modified_Booth_Decoder__102 |     1|
|108   |  Enc_6       |Yeh_Jen_Modified_Booth_Encoder__4   |     3|
|109   |  Dec_6_0     |Yeh_Jen_Modified_Booth_Decoder__103 |     1|
|110   |  Dec_6_1     |Yeh_Jen_Modified_Booth_Decoder__104 |     1|
|111   |  Dec_6_2     |Yeh_Jen_Modified_Booth_Decoder__105 |     1|
|112   |  Dec_6_3     |Yeh_Jen_Modified_Booth_Decoder__106 |     1|
|113   |  Dec_6_4     |Yeh_Jen_Modified_Booth_Decoder__107 |     1|
|114   |  Dec_6_5     |Yeh_Jen_Modified_Booth_Decoder__108 |     1|
|115   |  Dec_6_6     |Yeh_Jen_Modified_Booth_Decoder__109 |     1|
|116   |  Dec_6_7     |Yeh_Jen_Modified_Booth_Decoder__110 |     1|
|117   |  Dec_6_8     |Yeh_Jen_Modified_Booth_Decoder__111 |     1|
|118   |  Dec_6_9     |Yeh_Jen_Modified_Booth_Decoder__112 |     1|
|119   |  Dec_6_10    |Yeh_Jen_Modified_Booth_Decoder__113 |     1|
|120   |  Dec_6_11    |Yeh_Jen_Modified_Booth_Decoder__114 |     1|
|121   |  Dec_6_12    |Yeh_Jen_Modified_Booth_Decoder__115 |     1|
|122   |  Dec_6_13    |Yeh_Jen_Modified_Booth_Decoder__116 |     1|
|123   |  Dec_6_14    |Yeh_Jen_Modified_Booth_Decoder__117 |     1|
|124   |  Dec_6_15    |Yeh_Jen_Modified_Booth_Decoder__118 |     1|
|125   |  Dec_6_16    |Yeh_Jen_Modified_Booth_Decoder__119 |     1|
|126   |  Dec_6_17    |Yeh_Jen_Modified_Booth_Decoder__120 |     1|
|127   |  Dec_6_18    |Yeh_Jen_Modified_Booth_Decoder__121 |     1|
|128   |  Dec_6_19    |Yeh_Jen_Modified_Booth_Decoder__122 |     1|
|129   |  Dec_6_20    |Yeh_Jen_Modified_Booth_Decoder__123 |     1|
|130   |  Dec_6_21    |Yeh_Jen_Modified_Booth_Decoder__124 |     1|
|131   |  Dec_6_22    |Yeh_Jen_Modified_Booth_Decoder__125 |     1|
|132   |  Dec_6_23    |Yeh_Jen_Modified_Booth_Decoder__126 |     1|
|133   |  Dec_6_24    |Yeh_Jen_Modified_Booth_Decoder__127 |     1|
|134   |  Dec_6_25    |Yeh_Jen_Modified_Booth_Decoder__128 |     1|
|135   |  Dec_6_26    |Yeh_Jen_Modified_Booth_Decoder__129 |     1|
|136   |  Dec_6_27    |Yeh_Jen_Modified_Booth_Decoder__130 |     1|
|137   |  Dec_6_28    |Yeh_Jen_Modified_Booth_Decoder__131 |     1|
|138   |  Dec_6_29    |Yeh_Jen_Modified_Booth_Decoder__132 |     1|
|139   |  Dec_6_30    |Yeh_Jen_Modified_Booth_Decoder__133 |     1|
|140   |  Dec_6_31    |Yeh_Jen_Modified_Booth_Decoder__134 |     1|
|141   |  Dec_6_32    |Yeh_Jen_Modified_Booth_Decoder__135 |     1|
|142   |  Dec_6_33    |Yeh_Jen_Modified_Booth_Decoder__136 |     1|
|143   |  Enc_8       |Yeh_Jen_Modified_Booth_Encoder__5   |     3|
|144   |  Dec_8_0     |Yeh_Jen_Modified_Booth_Decoder__137 |     1|
|145   |  Dec_8_1     |Yeh_Jen_Modified_Booth_Decoder__138 |     1|
|146   |  Dec_8_2     |Yeh_Jen_Modified_Booth_Decoder__139 |     1|
|147   |  Dec_8_3     |Yeh_Jen_Modified_Booth_Decoder__140 |     1|
|148   |  Dec_8_4     |Yeh_Jen_Modified_Booth_Decoder__141 |     1|
|149   |  Dec_8_5     |Yeh_Jen_Modified_Booth_Decoder__142 |     1|
|150   |  Dec_8_6     |Yeh_Jen_Modified_Booth_Decoder__143 |     1|
|151   |  Dec_8_7     |Yeh_Jen_Modified_Booth_Decoder__144 |     1|
|152   |  Dec_8_8     |Yeh_Jen_Modified_Booth_Decoder__145 |     1|
|153   |  Dec_8_9     |Yeh_Jen_Modified_Booth_Decoder__146 |     1|
|154   |  Dec_8_10    |Yeh_Jen_Modified_Booth_Decoder__147 |     1|
|155   |  Dec_8_11    |Yeh_Jen_Modified_Booth_Decoder__148 |     1|
|156   |  Dec_8_12    |Yeh_Jen_Modified_Booth_Decoder__149 |     1|
|157   |  Dec_8_13    |Yeh_Jen_Modified_Booth_Decoder__150 |     1|
|158   |  Dec_8_14    |Yeh_Jen_Modified_Booth_Decoder__151 |     1|
|159   |  Dec_8_15    |Yeh_Jen_Modified_Booth_Decoder__152 |     1|
|160   |  Dec_8_16    |Yeh_Jen_Modified_Booth_Decoder__153 |     1|
|161   |  Dec_8_17    |Yeh_Jen_Modified_Booth_Decoder__154 |     1|
|162   |  Dec_8_18    |Yeh_Jen_Modified_Booth_Decoder__155 |     1|
|163   |  Dec_8_19    |Yeh_Jen_Modified_Booth_Decoder__156 |     1|
|164   |  Dec_8_20    |Yeh_Jen_Modified_Booth_Decoder__157 |     1|
|165   |  Dec_8_21    |Yeh_Jen_Modified_Booth_Decoder__158 |     1|
|166   |  Dec_8_22    |Yeh_Jen_Modified_Booth_Decoder__159 |     1|
|167   |  Dec_8_23    |Yeh_Jen_Modified_Booth_Decoder__160 |     1|
|168   |  Dec_8_24    |Yeh_Jen_Modified_Booth_Decoder__161 |     1|
|169   |  Dec_8_25    |Yeh_Jen_Modified_Booth_Decoder__162 |     1|
|170   |  Dec_8_26    |Yeh_Jen_Modified_Booth_Decoder__163 |     1|
|171   |  Dec_8_27    |Yeh_Jen_Modified_Booth_Decoder__164 |     1|
|172   |  Dec_8_28    |Yeh_Jen_Modified_Booth_Decoder__165 |     1|
|173   |  Dec_8_29    |Yeh_Jen_Modified_Booth_Decoder__166 |     1|
|174   |  Dec_8_30    |Yeh_Jen_Modified_Booth_Decoder__167 |     1|
|175   |  Dec_8_31    |Yeh_Jen_Modified_Booth_Decoder__168 |     1|
|176   |  Dec_8_32    |Yeh_Jen_Modified_Booth_Decoder__169 |     1|
|177   |  Dec_8_33    |Yeh_Jen_Modified_Booth_Decoder__170 |     1|
|178   |  Enc_10      |Yeh_Jen_Modified_Booth_Encoder__6   |     3|
|179   |  Dec_10_0    |Yeh_Jen_Modified_Booth_Decoder__171 |     1|
|180   |  Dec_10_1    |Yeh_Jen_Modified_Booth_Decoder__172 |     1|
|181   |  Dec_10_2    |Yeh_Jen_Modified_Booth_Decoder__173 |     1|
|182   |  Dec_10_3    |Yeh_Jen_Modified_Booth_Decoder__174 |     1|
|183   |  Dec_10_4    |Yeh_Jen_Modified_Booth_Decoder__175 |     1|
|184   |  Dec_10_5    |Yeh_Jen_Modified_Booth_Decoder__176 |     1|
|185   |  Dec_10_6    |Yeh_Jen_Modified_Booth_Decoder__177 |     1|
|186   |  Dec_10_7    |Yeh_Jen_Modified_Booth_Decoder__178 |     1|
|187   |  Dec_10_8    |Yeh_Jen_Modified_Booth_Decoder__179 |     1|
|188   |  Dec_10_9    |Yeh_Jen_Modified_Booth_Decoder__180 |     1|
|189   |  Dec_10_10   |Yeh_Jen_Modified_Booth_Decoder__181 |     1|
|190   |  Dec_10_11   |Yeh_Jen_Modified_Booth_Decoder__182 |     1|
|191   |  Dec_10_12   |Yeh_Jen_Modified_Booth_Decoder__183 |     1|
|192   |  Dec_10_13   |Yeh_Jen_Modified_Booth_Decoder__184 |     1|
|193   |  Dec_10_14   |Yeh_Jen_Modified_Booth_Decoder__185 |     1|
|194   |  Dec_10_15   |Yeh_Jen_Modified_Booth_Decoder__186 |     1|
|195   |  Dec_10_16   |Yeh_Jen_Modified_Booth_Decoder__187 |     1|
|196   |  Dec_10_17   |Yeh_Jen_Modified_Booth_Decoder__188 |     1|
|197   |  Dec_10_18   |Yeh_Jen_Modified_Booth_Decoder__189 |     1|
|198   |  Dec_10_19   |Yeh_Jen_Modified_Booth_Decoder__190 |     1|
|199   |  Dec_10_20   |Yeh_Jen_Modified_Booth_Decoder__191 |     1|
|200   |  Dec_10_21   |Yeh_Jen_Modified_Booth_Decoder__192 |     1|
|201   |  Dec_10_22   |Yeh_Jen_Modified_Booth_Decoder__193 |     1|
|202   |  Dec_10_23   |Yeh_Jen_Modified_Booth_Decoder__194 |     1|
|203   |  Dec_10_24   |Yeh_Jen_Modified_Booth_Decoder__195 |     1|
|204   |  Dec_10_25   |Yeh_Jen_Modified_Booth_Decoder__196 |     1|
|205   |  Dec_10_26   |Yeh_Jen_Modified_Booth_Decoder__197 |     1|
|206   |  Dec_10_27   |Yeh_Jen_Modified_Booth_Decoder__198 |     1|
|207   |  Dec_10_28   |Yeh_Jen_Modified_Booth_Decoder__199 |     1|
|208   |  Dec_10_29   |Yeh_Jen_Modified_Booth_Decoder__200 |     1|
|209   |  Dec_10_30   |Yeh_Jen_Modified_Booth_Decoder__201 |     1|
|210   |  Dec_10_31   |Yeh_Jen_Modified_Booth_Decoder__202 |     1|
|211   |  Dec_10_32   |Yeh_Jen_Modified_Booth_Decoder__203 |     1|
|212   |  Dec_10_33   |Yeh_Jen_Modified_Booth_Decoder__204 |     1|
|213   |  Enc_12      |Yeh_Jen_Modified_Booth_Encoder__7   |     3|
|214   |  Dec_12_0    |Yeh_Jen_Modified_Booth_Decoder__205 |     1|
|215   |  Dec_12_1    |Yeh_Jen_Modified_Booth_Decoder__206 |     1|
|216   |  Dec_12_2    |Yeh_Jen_Modified_Booth_Decoder__207 |     1|
|217   |  Dec_12_3    |Yeh_Jen_Modified_Booth_Decoder__208 |     1|
|218   |  Dec_12_4    |Yeh_Jen_Modified_Booth_Decoder__209 |     1|
|219   |  Dec_12_5    |Yeh_Jen_Modified_Booth_Decoder__210 |     1|
|220   |  Dec_12_6    |Yeh_Jen_Modified_Booth_Decoder__211 |     1|
|221   |  Dec_12_7    |Yeh_Jen_Modified_Booth_Decoder__212 |     1|
|222   |  Dec_12_8    |Yeh_Jen_Modified_Booth_Decoder__213 |     1|
|223   |  Dec_12_9    |Yeh_Jen_Modified_Booth_Decoder__214 |     1|
|224   |  Dec_12_10   |Yeh_Jen_Modified_Booth_Decoder__215 |     1|
|225   |  Dec_12_11   |Yeh_Jen_Modified_Booth_Decoder__216 |     1|
|226   |  Dec_12_12   |Yeh_Jen_Modified_Booth_Decoder__217 |     1|
|227   |  Dec_12_13   |Yeh_Jen_Modified_Booth_Decoder__218 |     1|
|228   |  Dec_12_14   |Yeh_Jen_Modified_Booth_Decoder__219 |     1|
|229   |  Dec_12_15   |Yeh_Jen_Modified_Booth_Decoder__220 |     1|
|230   |  Dec_12_16   |Yeh_Jen_Modified_Booth_Decoder__221 |     1|
|231   |  Dec_12_17   |Yeh_Jen_Modified_Booth_Decoder__222 |     1|
|232   |  Dec_12_18   |Yeh_Jen_Modified_Booth_Decoder__223 |     1|
|233   |  Dec_12_19   |Yeh_Jen_Modified_Booth_Decoder__224 |     1|
|234   |  Dec_12_20   |Yeh_Jen_Modified_Booth_Decoder__225 |     1|
|235   |  Dec_12_21   |Yeh_Jen_Modified_Booth_Decoder__226 |     1|
|236   |  Dec_12_22   |Yeh_Jen_Modified_Booth_Decoder__227 |     1|
|237   |  Dec_12_23   |Yeh_Jen_Modified_Booth_Decoder__228 |     1|
|238   |  Dec_12_24   |Yeh_Jen_Modified_Booth_Decoder__229 |     1|
|239   |  Dec_12_25   |Yeh_Jen_Modified_Booth_Decoder__230 |     1|
|240   |  Dec_12_26   |Yeh_Jen_Modified_Booth_Decoder__231 |     1|
|241   |  Dec_12_27   |Yeh_Jen_Modified_Booth_Decoder__232 |     1|
|242   |  Dec_12_28   |Yeh_Jen_Modified_Booth_Decoder__233 |     1|
|243   |  Dec_12_29   |Yeh_Jen_Modified_Booth_Decoder__234 |     1|
|244   |  Dec_12_30   |Yeh_Jen_Modified_Booth_Decoder__235 |     1|
|245   |  Dec_12_31   |Yeh_Jen_Modified_Booth_Decoder__236 |     1|
|246   |  Dec_12_32   |Yeh_Jen_Modified_Booth_Decoder__237 |     1|
|247   |  Dec_12_33   |Yeh_Jen_Modified_Booth_Decoder__238 |     1|
|248   |  Enc_14      |Yeh_Jen_Modified_Booth_Encoder__8   |     3|
|249   |  Dec_14_0    |Yeh_Jen_Modified_Booth_Decoder__239 |     1|
|250   |  Dec_14_1    |Yeh_Jen_Modified_Booth_Decoder__240 |     1|
|251   |  Dec_14_2    |Yeh_Jen_Modified_Booth_Decoder__241 |     1|
|252   |  Dec_14_3    |Yeh_Jen_Modified_Booth_Decoder__242 |     1|
|253   |  Dec_14_4    |Yeh_Jen_Modified_Booth_Decoder__243 |     1|
|254   |  Dec_14_5    |Yeh_Jen_Modified_Booth_Decoder__244 |     1|
|255   |  Dec_14_6    |Yeh_Jen_Modified_Booth_Decoder__245 |     1|
|256   |  Dec_14_7    |Yeh_Jen_Modified_Booth_Decoder__246 |     1|
|257   |  Dec_14_8    |Yeh_Jen_Modified_Booth_Decoder__247 |     1|
|258   |  Dec_14_9    |Yeh_Jen_Modified_Booth_Decoder__248 |     1|
|259   |  Dec_14_10   |Yeh_Jen_Modified_Booth_Decoder__249 |     1|
|260   |  Dec_14_11   |Yeh_Jen_Modified_Booth_Decoder__250 |     1|
|261   |  Dec_14_12   |Yeh_Jen_Modified_Booth_Decoder__251 |     1|
|262   |  Dec_14_13   |Yeh_Jen_Modified_Booth_Decoder__252 |     1|
|263   |  Dec_14_14   |Yeh_Jen_Modified_Booth_Decoder__253 |     1|
|264   |  Dec_14_15   |Yeh_Jen_Modified_Booth_Decoder__254 |     1|
|265   |  Dec_14_16   |Yeh_Jen_Modified_Booth_Decoder__255 |     1|
|266   |  Dec_14_17   |Yeh_Jen_Modified_Booth_Decoder__256 |     1|
|267   |  Dec_14_18   |Yeh_Jen_Modified_Booth_Decoder__257 |     1|
|268   |  Dec_14_19   |Yeh_Jen_Modified_Booth_Decoder__258 |     1|
|269   |  Dec_14_20   |Yeh_Jen_Modified_Booth_Decoder__259 |     1|
|270   |  Dec_14_21   |Yeh_Jen_Modified_Booth_Decoder__260 |     1|
|271   |  Dec_14_22   |Yeh_Jen_Modified_Booth_Decoder__261 |     1|
|272   |  Dec_14_23   |Yeh_Jen_Modified_Booth_Decoder__262 |     1|
|273   |  Dec_14_24   |Yeh_Jen_Modified_Booth_Decoder__263 |     1|
|274   |  Dec_14_25   |Yeh_Jen_Modified_Booth_Decoder__264 |     1|
|275   |  Dec_14_26   |Yeh_Jen_Modified_Booth_Decoder__265 |     1|
|276   |  Dec_14_27   |Yeh_Jen_Modified_Booth_Decoder__266 |     1|
|277   |  Dec_14_28   |Yeh_Jen_Modified_Booth_Decoder__267 |     1|
|278   |  Dec_14_29   |Yeh_Jen_Modified_Booth_Decoder__268 |     1|
|279   |  Dec_14_30   |Yeh_Jen_Modified_Booth_Decoder__269 |     1|
|280   |  Dec_14_31   |Yeh_Jen_Modified_Booth_Decoder__270 |     1|
|281   |  Dec_14_32   |Yeh_Jen_Modified_Booth_Decoder__271 |     1|
|282   |  Dec_14_33   |Yeh_Jen_Modified_Booth_Decoder__272 |     1|
|283   |  Enc_16      |Yeh_Jen_Modified_Booth_Encoder__9   |     3|
|284   |  Dec_16_0    |Yeh_Jen_Modified_Booth_Decoder__273 |     1|
|285   |  Dec_16_1    |Yeh_Jen_Modified_Booth_Decoder__274 |     1|
|286   |  Dec_16_2    |Yeh_Jen_Modified_Booth_Decoder__275 |     1|
|287   |  Dec_16_3    |Yeh_Jen_Modified_Booth_Decoder__276 |     1|
|288   |  Dec_16_4    |Yeh_Jen_Modified_Booth_Decoder__277 |     1|
|289   |  Dec_16_5    |Yeh_Jen_Modified_Booth_Decoder__278 |     1|
|290   |  Dec_16_6    |Yeh_Jen_Modified_Booth_Decoder__279 |     1|
|291   |  Dec_16_7    |Yeh_Jen_Modified_Booth_Decoder__280 |     1|
|292   |  Dec_16_8    |Yeh_Jen_Modified_Booth_Decoder__281 |     1|
|293   |  Dec_16_9    |Yeh_Jen_Modified_Booth_Decoder__282 |     1|
|294   |  Dec_16_10   |Yeh_Jen_Modified_Booth_Decoder__283 |     1|
|295   |  Dec_16_11   |Yeh_Jen_Modified_Booth_Decoder__284 |     1|
|296   |  Dec_16_12   |Yeh_Jen_Modified_Booth_Decoder__285 |     1|
|297   |  Dec_16_13   |Yeh_Jen_Modified_Booth_Decoder__286 |     1|
|298   |  Dec_16_14   |Yeh_Jen_Modified_Booth_Decoder__287 |     1|
|299   |  Dec_16_15   |Yeh_Jen_Modified_Booth_Decoder__288 |     1|
|300   |  Dec_16_16   |Yeh_Jen_Modified_Booth_Decoder__289 |     1|
|301   |  Dec_16_17   |Yeh_Jen_Modified_Booth_Decoder__290 |     1|
|302   |  Dec_16_18   |Yeh_Jen_Modified_Booth_Decoder__291 |     1|
|303   |  Dec_16_19   |Yeh_Jen_Modified_Booth_Decoder__292 |     1|
|304   |  Dec_16_20   |Yeh_Jen_Modified_Booth_Decoder__293 |     1|
|305   |  Dec_16_21   |Yeh_Jen_Modified_Booth_Decoder__294 |     1|
|306   |  Dec_16_22   |Yeh_Jen_Modified_Booth_Decoder__295 |     1|
|307   |  Dec_16_23   |Yeh_Jen_Modified_Booth_Decoder__296 |     1|
|308   |  Dec_16_24   |Yeh_Jen_Modified_Booth_Decoder__297 |     1|
|309   |  Dec_16_25   |Yeh_Jen_Modified_Booth_Decoder__298 |     1|
|310   |  Dec_16_26   |Yeh_Jen_Modified_Booth_Decoder__299 |     1|
|311   |  Dec_16_27   |Yeh_Jen_Modified_Booth_Decoder__300 |     1|
|312   |  Dec_16_28   |Yeh_Jen_Modified_Booth_Decoder__301 |     1|
|313   |  Dec_16_29   |Yeh_Jen_Modified_Booth_Decoder__302 |     1|
|314   |  Dec_16_30   |Yeh_Jen_Modified_Booth_Decoder__303 |     1|
|315   |  Dec_16_31   |Yeh_Jen_Modified_Booth_Decoder__304 |     1|
|316   |  Dec_16_32   |Yeh_Jen_Modified_Booth_Decoder__305 |     1|
|317   |  Dec_16_33   |Yeh_Jen_Modified_Booth_Decoder__306 |     1|
|318   |  Enc_18      |Yeh_Jen_Modified_Booth_Encoder__10  |     3|
|319   |  Dec_18_0    |Yeh_Jen_Modified_Booth_Decoder__307 |     1|
|320   |  Dec_18_1    |Yeh_Jen_Modified_Booth_Decoder__308 |     1|
|321   |  Dec_18_2    |Yeh_Jen_Modified_Booth_Decoder__309 |     1|
|322   |  Dec_18_3    |Yeh_Jen_Modified_Booth_Decoder__310 |     1|
|323   |  Dec_18_4    |Yeh_Jen_Modified_Booth_Decoder__311 |     1|
|324   |  Dec_18_5    |Yeh_Jen_Modified_Booth_Decoder__312 |     1|
|325   |  Dec_18_6    |Yeh_Jen_Modified_Booth_Decoder__313 |     1|
|326   |  Dec_18_7    |Yeh_Jen_Modified_Booth_Decoder__314 |     1|
|327   |  Dec_18_8    |Yeh_Jen_Modified_Booth_Decoder__315 |     1|
|328   |  Dec_18_9    |Yeh_Jen_Modified_Booth_Decoder__316 |     1|
|329   |  Dec_18_10   |Yeh_Jen_Modified_Booth_Decoder__317 |     1|
|330   |  Dec_18_11   |Yeh_Jen_Modified_Booth_Decoder__318 |     1|
|331   |  Dec_18_12   |Yeh_Jen_Modified_Booth_Decoder__319 |     1|
|332   |  Dec_18_13   |Yeh_Jen_Modified_Booth_Decoder__320 |     1|
|333   |  Dec_18_14   |Yeh_Jen_Modified_Booth_Decoder__321 |     1|
|334   |  Dec_18_15   |Yeh_Jen_Modified_Booth_Decoder__322 |     1|
|335   |  Dec_18_16   |Yeh_Jen_Modified_Booth_Decoder__323 |     1|
|336   |  Dec_18_17   |Yeh_Jen_Modified_Booth_Decoder__324 |     1|
|337   |  Dec_18_18   |Yeh_Jen_Modified_Booth_Decoder__325 |     1|
|338   |  Dec_18_19   |Yeh_Jen_Modified_Booth_Decoder__326 |     1|
|339   |  Dec_18_20   |Yeh_Jen_Modified_Booth_Decoder__327 |     1|
|340   |  Dec_18_21   |Yeh_Jen_Modified_Booth_Decoder__328 |     1|
|341   |  Dec_18_22   |Yeh_Jen_Modified_Booth_Decoder__329 |     1|
|342   |  Dec_18_23   |Yeh_Jen_Modified_Booth_Decoder__330 |     1|
|343   |  Dec_18_24   |Yeh_Jen_Modified_Booth_Decoder__331 |     1|
|344   |  Dec_18_25   |Yeh_Jen_Modified_Booth_Decoder__332 |     1|
|345   |  Dec_18_26   |Yeh_Jen_Modified_Booth_Decoder__333 |     1|
|346   |  Dec_18_27   |Yeh_Jen_Modified_Booth_Decoder__334 |     1|
|347   |  Dec_18_28   |Yeh_Jen_Modified_Booth_Decoder__335 |     1|
|348   |  Dec_18_29   |Yeh_Jen_Modified_Booth_Decoder__336 |     1|
|349   |  Dec_18_30   |Yeh_Jen_Modified_Booth_Decoder__337 |     1|
|350   |  Dec_18_31   |Yeh_Jen_Modified_Booth_Decoder__338 |     1|
|351   |  Dec_18_32   |Yeh_Jen_Modified_Booth_Decoder__339 |     1|
|352   |  Dec_18_33   |Yeh_Jen_Modified_Booth_Decoder__340 |     1|
|353   |  Enc_20      |Yeh_Jen_Modified_Booth_Encoder__11  |     3|
|354   |  Dec_20_0    |Yeh_Jen_Modified_Booth_Decoder__341 |     1|
|355   |  Dec_20_1    |Yeh_Jen_Modified_Booth_Decoder__342 |     1|
|356   |  Dec_20_2    |Yeh_Jen_Modified_Booth_Decoder__343 |     1|
|357   |  Dec_20_3    |Yeh_Jen_Modified_Booth_Decoder__344 |     1|
|358   |  Dec_20_4    |Yeh_Jen_Modified_Booth_Decoder__345 |     1|
|359   |  Dec_20_5    |Yeh_Jen_Modified_Booth_Decoder__346 |     1|
|360   |  Dec_20_6    |Yeh_Jen_Modified_Booth_Decoder__347 |     1|
|361   |  Dec_20_7    |Yeh_Jen_Modified_Booth_Decoder__348 |     1|
|362   |  Dec_20_8    |Yeh_Jen_Modified_Booth_Decoder__349 |     1|
|363   |  Dec_20_9    |Yeh_Jen_Modified_Booth_Decoder__350 |     1|
|364   |  Dec_20_10   |Yeh_Jen_Modified_Booth_Decoder__351 |     1|
|365   |  Dec_20_11   |Yeh_Jen_Modified_Booth_Decoder__352 |     1|
|366   |  Dec_20_12   |Yeh_Jen_Modified_Booth_Decoder__353 |     1|
|367   |  Dec_20_13   |Yeh_Jen_Modified_Booth_Decoder__354 |     1|
|368   |  Dec_20_14   |Yeh_Jen_Modified_Booth_Decoder__355 |     1|
|369   |  Dec_20_15   |Yeh_Jen_Modified_Booth_Decoder__356 |     1|
|370   |  Dec_20_16   |Yeh_Jen_Modified_Booth_Decoder__357 |     1|
|371   |  Dec_20_17   |Yeh_Jen_Modified_Booth_Decoder__358 |     1|
|372   |  Dec_20_18   |Yeh_Jen_Modified_Booth_Decoder__359 |     1|
|373   |  Dec_20_19   |Yeh_Jen_Modified_Booth_Decoder__360 |     1|
|374   |  Dec_20_20   |Yeh_Jen_Modified_Booth_Decoder__361 |     1|
|375   |  Dec_20_21   |Yeh_Jen_Modified_Booth_Decoder__362 |     1|
|376   |  Dec_20_22   |Yeh_Jen_Modified_Booth_Decoder__363 |     1|
|377   |  Dec_20_23   |Yeh_Jen_Modified_Booth_Decoder__364 |     1|
|378   |  Dec_20_24   |Yeh_Jen_Modified_Booth_Decoder__365 |     1|
|379   |  Dec_20_25   |Yeh_Jen_Modified_Booth_Decoder__366 |     1|
|380   |  Dec_20_26   |Yeh_Jen_Modified_Booth_Decoder__367 |     1|
|381   |  Dec_20_27   |Yeh_Jen_Modified_Booth_Decoder__368 |     1|
|382   |  Dec_20_28   |Yeh_Jen_Modified_Booth_Decoder__369 |     1|
|383   |  Dec_20_29   |Yeh_Jen_Modified_Booth_Decoder__370 |     1|
|384   |  Dec_20_30   |Yeh_Jen_Modified_Booth_Decoder__371 |     1|
|385   |  Dec_20_31   |Yeh_Jen_Modified_Booth_Decoder__372 |     1|
|386   |  Dec_20_32   |Yeh_Jen_Modified_Booth_Decoder__373 |     1|
|387   |  Dec_20_33   |Yeh_Jen_Modified_Booth_Decoder__374 |     1|
|388   |  Enc_22      |Yeh_Jen_Modified_Booth_Encoder__12  |     3|
|389   |  Dec_22_0    |Yeh_Jen_Modified_Booth_Decoder__375 |     1|
|390   |  Dec_22_1    |Yeh_Jen_Modified_Booth_Decoder__376 |     1|
|391   |  Dec_22_2    |Yeh_Jen_Modified_Booth_Decoder__377 |     1|
|392   |  Dec_22_3    |Yeh_Jen_Modified_Booth_Decoder__378 |     1|
|393   |  Dec_22_4    |Yeh_Jen_Modified_Booth_Decoder__379 |     1|
|394   |  Dec_22_5    |Yeh_Jen_Modified_Booth_Decoder__380 |     1|
|395   |  Dec_22_6    |Yeh_Jen_Modified_Booth_Decoder__381 |     1|
|396   |  Dec_22_7    |Yeh_Jen_Modified_Booth_Decoder__382 |     1|
|397   |  Dec_22_8    |Yeh_Jen_Modified_Booth_Decoder__383 |     1|
|398   |  Dec_22_9    |Yeh_Jen_Modified_Booth_Decoder__384 |     1|
|399   |  Dec_22_10   |Yeh_Jen_Modified_Booth_Decoder__385 |     1|
|400   |  Dec_22_11   |Yeh_Jen_Modified_Booth_Decoder__386 |     1|
|401   |  Dec_22_12   |Yeh_Jen_Modified_Booth_Decoder__387 |     1|
|402   |  Dec_22_13   |Yeh_Jen_Modified_Booth_Decoder__388 |     1|
|403   |  Dec_22_14   |Yeh_Jen_Modified_Booth_Decoder__389 |     1|
|404   |  Dec_22_15   |Yeh_Jen_Modified_Booth_Decoder__390 |     1|
|405   |  Dec_22_16   |Yeh_Jen_Modified_Booth_Decoder__391 |     1|
|406   |  Dec_22_17   |Yeh_Jen_Modified_Booth_Decoder__392 |     1|
|407   |  Dec_22_18   |Yeh_Jen_Modified_Booth_Decoder__393 |     1|
|408   |  Dec_22_19   |Yeh_Jen_Modified_Booth_Decoder__394 |     1|
|409   |  Dec_22_20   |Yeh_Jen_Modified_Booth_Decoder__395 |     1|
|410   |  Dec_22_21   |Yeh_Jen_Modified_Booth_Decoder__396 |     1|
|411   |  Dec_22_22   |Yeh_Jen_Modified_Booth_Decoder__397 |     1|
|412   |  Dec_22_23   |Yeh_Jen_Modified_Booth_Decoder__398 |     1|
|413   |  Dec_22_24   |Yeh_Jen_Modified_Booth_Decoder__399 |     1|
|414   |  Dec_22_25   |Yeh_Jen_Modified_Booth_Decoder__400 |     1|
|415   |  Dec_22_26   |Yeh_Jen_Modified_Booth_Decoder__401 |     1|
|416   |  Dec_22_27   |Yeh_Jen_Modified_Booth_Decoder__402 |     1|
|417   |  Dec_22_28   |Yeh_Jen_Modified_Booth_Decoder__403 |     1|
|418   |  Dec_22_29   |Yeh_Jen_Modified_Booth_Decoder__404 |     1|
|419   |  Dec_22_30   |Yeh_Jen_Modified_Booth_Decoder__405 |     1|
|420   |  Dec_22_31   |Yeh_Jen_Modified_Booth_Decoder__406 |     1|
|421   |  Dec_22_32   |Yeh_Jen_Modified_Booth_Decoder__407 |     1|
|422   |  Dec_22_33   |Yeh_Jen_Modified_Booth_Decoder__408 |     1|
|423   |  Enc_24      |Yeh_Jen_Modified_Booth_Encoder__13  |     3|
|424   |  Dec_24_0    |Yeh_Jen_Modified_Booth_Decoder__409 |     1|
|425   |  Dec_24_1    |Yeh_Jen_Modified_Booth_Decoder__410 |     1|
|426   |  Dec_24_2    |Yeh_Jen_Modified_Booth_Decoder__411 |     1|
|427   |  Dec_24_3    |Yeh_Jen_Modified_Booth_Decoder__412 |     1|
|428   |  Dec_24_4    |Yeh_Jen_Modified_Booth_Decoder__413 |     1|
|429   |  Dec_24_5    |Yeh_Jen_Modified_Booth_Decoder__414 |     1|
|430   |  Dec_24_6    |Yeh_Jen_Modified_Booth_Decoder__415 |     1|
|431   |  Dec_24_7    |Yeh_Jen_Modified_Booth_Decoder__416 |     1|
|432   |  Dec_24_8    |Yeh_Jen_Modified_Booth_Decoder__417 |     1|
|433   |  Dec_24_9    |Yeh_Jen_Modified_Booth_Decoder__418 |     1|
|434   |  Dec_24_10   |Yeh_Jen_Modified_Booth_Decoder__419 |     1|
|435   |  Dec_24_11   |Yeh_Jen_Modified_Booth_Decoder__420 |     1|
|436   |  Dec_24_12   |Yeh_Jen_Modified_Booth_Decoder__421 |     1|
|437   |  Dec_24_13   |Yeh_Jen_Modified_Booth_Decoder__422 |     1|
|438   |  Dec_24_14   |Yeh_Jen_Modified_Booth_Decoder__423 |     1|
|439   |  Dec_24_15   |Yeh_Jen_Modified_Booth_Decoder__424 |     1|
|440   |  Dec_24_16   |Yeh_Jen_Modified_Booth_Decoder__425 |     1|
|441   |  Dec_24_17   |Yeh_Jen_Modified_Booth_Decoder__426 |     1|
|442   |  Dec_24_18   |Yeh_Jen_Modified_Booth_Decoder__427 |     1|
|443   |  Dec_24_19   |Yeh_Jen_Modified_Booth_Decoder__428 |     1|
|444   |  Dec_24_20   |Yeh_Jen_Modified_Booth_Decoder__429 |     1|
|445   |  Dec_24_21   |Yeh_Jen_Modified_Booth_Decoder__430 |     1|
|446   |  Dec_24_22   |Yeh_Jen_Modified_Booth_Decoder__431 |     1|
|447   |  Dec_24_23   |Yeh_Jen_Modified_Booth_Decoder__432 |     1|
|448   |  Dec_24_24   |Yeh_Jen_Modified_Booth_Decoder__433 |     1|
|449   |  Dec_24_25   |Yeh_Jen_Modified_Booth_Decoder__434 |     1|
|450   |  Dec_24_26   |Yeh_Jen_Modified_Booth_Decoder__435 |     1|
|451   |  Dec_24_27   |Yeh_Jen_Modified_Booth_Decoder__436 |     1|
|452   |  Dec_24_28   |Yeh_Jen_Modified_Booth_Decoder__437 |     1|
|453   |  Dec_24_29   |Yeh_Jen_Modified_Booth_Decoder__438 |     1|
|454   |  Dec_24_30   |Yeh_Jen_Modified_Booth_Decoder__439 |     1|
|455   |  Dec_24_31   |Yeh_Jen_Modified_Booth_Decoder__440 |     1|
|456   |  Dec_24_32   |Yeh_Jen_Modified_Booth_Decoder__441 |     1|
|457   |  Dec_24_33   |Yeh_Jen_Modified_Booth_Decoder__442 |     1|
|458   |  Enc_26      |Yeh_Jen_Modified_Booth_Encoder__14  |     3|
|459   |  Dec_26_0    |Yeh_Jen_Modified_Booth_Decoder__443 |     1|
|460   |  Dec_26_1    |Yeh_Jen_Modified_Booth_Decoder__444 |     1|
|461   |  Dec_26_2    |Yeh_Jen_Modified_Booth_Decoder__445 |     1|
|462   |  Dec_26_3    |Yeh_Jen_Modified_Booth_Decoder__446 |     1|
|463   |  Dec_26_4    |Yeh_Jen_Modified_Booth_Decoder__447 |     1|
|464   |  Dec_26_5    |Yeh_Jen_Modified_Booth_Decoder__448 |     1|
|465   |  Dec_26_6    |Yeh_Jen_Modified_Booth_Decoder__449 |     1|
|466   |  Dec_26_7    |Yeh_Jen_Modified_Booth_Decoder__450 |     1|
|467   |  Dec_26_8    |Yeh_Jen_Modified_Booth_Decoder__451 |     1|
|468   |  Dec_26_9    |Yeh_Jen_Modified_Booth_Decoder__452 |     1|
|469   |  Dec_26_10   |Yeh_Jen_Modified_Booth_Decoder__453 |     1|
|470   |  Dec_26_11   |Yeh_Jen_Modified_Booth_Decoder__454 |     1|
|471   |  Dec_26_12   |Yeh_Jen_Modified_Booth_Decoder__455 |     1|
|472   |  Dec_26_13   |Yeh_Jen_Modified_Booth_Decoder__456 |     1|
|473   |  Dec_26_14   |Yeh_Jen_Modified_Booth_Decoder__457 |     1|
|474   |  Dec_26_15   |Yeh_Jen_Modified_Booth_Decoder__458 |     1|
|475   |  Dec_26_16   |Yeh_Jen_Modified_Booth_Decoder__459 |     1|
|476   |  Dec_26_17   |Yeh_Jen_Modified_Booth_Decoder__460 |     1|
|477   |  Dec_26_18   |Yeh_Jen_Modified_Booth_Decoder__461 |     1|
|478   |  Dec_26_19   |Yeh_Jen_Modified_Booth_Decoder__462 |     1|
|479   |  Dec_26_20   |Yeh_Jen_Modified_Booth_Decoder__463 |     1|
|480   |  Dec_26_21   |Yeh_Jen_Modified_Booth_Decoder__464 |     1|
|481   |  Dec_26_22   |Yeh_Jen_Modified_Booth_Decoder__465 |     1|
|482   |  Dec_26_23   |Yeh_Jen_Modified_Booth_Decoder__466 |     1|
|483   |  Dec_26_24   |Yeh_Jen_Modified_Booth_Decoder__467 |     1|
|484   |  Dec_26_25   |Yeh_Jen_Modified_Booth_Decoder__468 |     1|
|485   |  Dec_26_26   |Yeh_Jen_Modified_Booth_Decoder__469 |     1|
|486   |  Dec_26_27   |Yeh_Jen_Modified_Booth_Decoder__470 |     1|
|487   |  Dec_26_28   |Yeh_Jen_Modified_Booth_Decoder__471 |     1|
|488   |  Dec_26_29   |Yeh_Jen_Modified_Booth_Decoder__472 |     1|
|489   |  Dec_26_30   |Yeh_Jen_Modified_Booth_Decoder__473 |     1|
|490   |  Dec_26_31   |Yeh_Jen_Modified_Booth_Decoder__474 |     1|
|491   |  Dec_26_32   |Yeh_Jen_Modified_Booth_Decoder__475 |     1|
|492   |  Dec_26_33   |Yeh_Jen_Modified_Booth_Decoder__476 |     1|
|493   |  Enc_28      |Yeh_Jen_Modified_Booth_Encoder__15  |     3|
|494   |  Dec_28_0    |Yeh_Jen_Modified_Booth_Decoder__477 |     1|
|495   |  Dec_28_1    |Yeh_Jen_Modified_Booth_Decoder__478 |     1|
|496   |  Dec_28_2    |Yeh_Jen_Modified_Booth_Decoder__479 |     1|
|497   |  Dec_28_3    |Yeh_Jen_Modified_Booth_Decoder__480 |     1|
|498   |  Dec_28_4    |Yeh_Jen_Modified_Booth_Decoder__481 |     1|
|499   |  Dec_28_5    |Yeh_Jen_Modified_Booth_Decoder__482 |     1|
|500   |  Dec_28_6    |Yeh_Jen_Modified_Booth_Decoder__483 |     1|
|501   |  Dec_28_7    |Yeh_Jen_Modified_Booth_Decoder__484 |     1|
|502   |  Dec_28_8    |Yeh_Jen_Modified_Booth_Decoder__485 |     1|
|503   |  Dec_28_9    |Yeh_Jen_Modified_Booth_Decoder__486 |     1|
|504   |  Dec_28_10   |Yeh_Jen_Modified_Booth_Decoder__487 |     1|
|505   |  Dec_28_11   |Yeh_Jen_Modified_Booth_Decoder__488 |     1|
|506   |  Dec_28_12   |Yeh_Jen_Modified_Booth_Decoder__489 |     1|
|507   |  Dec_28_13   |Yeh_Jen_Modified_Booth_Decoder__490 |     1|
|508   |  Dec_28_14   |Yeh_Jen_Modified_Booth_Decoder__491 |     1|
|509   |  Dec_28_15   |Yeh_Jen_Modified_Booth_Decoder__492 |     1|
|510   |  Dec_28_16   |Yeh_Jen_Modified_Booth_Decoder__493 |     1|
|511   |  Dec_28_17   |Yeh_Jen_Modified_Booth_Decoder__494 |     1|
|512   |  Dec_28_18   |Yeh_Jen_Modified_Booth_Decoder__495 |     1|
|513   |  Dec_28_19   |Yeh_Jen_Modified_Booth_Decoder__496 |     1|
|514   |  Dec_28_20   |Yeh_Jen_Modified_Booth_Decoder__497 |     1|
|515   |  Dec_28_21   |Yeh_Jen_Modified_Booth_Decoder__498 |     1|
|516   |  Dec_28_22   |Yeh_Jen_Modified_Booth_Decoder__499 |     1|
|517   |  Dec_28_23   |Yeh_Jen_Modified_Booth_Decoder__500 |     1|
|518   |  Dec_28_24   |Yeh_Jen_Modified_Booth_Decoder__501 |     1|
|519   |  Dec_28_25   |Yeh_Jen_Modified_Booth_Decoder__502 |     1|
|520   |  Dec_28_26   |Yeh_Jen_Modified_Booth_Decoder__503 |     1|
|521   |  Dec_28_27   |Yeh_Jen_Modified_Booth_Decoder__504 |     1|
|522   |  Dec_28_28   |Yeh_Jen_Modified_Booth_Decoder__505 |     1|
|523   |  Dec_28_29   |Yeh_Jen_Modified_Booth_Decoder__506 |     1|
|524   |  Dec_28_30   |Yeh_Jen_Modified_Booth_Decoder__507 |     1|
|525   |  Dec_28_31   |Yeh_Jen_Modified_Booth_Decoder__508 |     1|
|526   |  Dec_28_32   |Yeh_Jen_Modified_Booth_Decoder__509 |     1|
|527   |  Dec_28_33   |Yeh_Jen_Modified_Booth_Decoder__510 |     1|
|528   |  Enc_30      |Yeh_Jen_Modified_Booth_Encoder__16  |     3|
|529   |  Dec_30_0    |Yeh_Jen_Modified_Booth_Decoder__511 |     1|
|530   |  Dec_30_1    |Yeh_Jen_Modified_Booth_Decoder__512 |     1|
|531   |  Dec_30_2    |Yeh_Jen_Modified_Booth_Decoder__513 |     1|
|532   |  Dec_30_3    |Yeh_Jen_Modified_Booth_Decoder__514 |     1|
|533   |  Dec_30_4    |Yeh_Jen_Modified_Booth_Decoder__515 |     1|
|534   |  Dec_30_5    |Yeh_Jen_Modified_Booth_Decoder__516 |     1|
|535   |  Dec_30_6    |Yeh_Jen_Modified_Booth_Decoder__517 |     1|
|536   |  Dec_30_7    |Yeh_Jen_Modified_Booth_Decoder__518 |     1|
|537   |  Dec_30_8    |Yeh_Jen_Modified_Booth_Decoder__519 |     1|
|538   |  Dec_30_9    |Yeh_Jen_Modified_Booth_Decoder__520 |     1|
|539   |  Dec_30_10   |Yeh_Jen_Modified_Booth_Decoder__521 |     1|
|540   |  Dec_30_11   |Yeh_Jen_Modified_Booth_Decoder__522 |     1|
|541   |  Dec_30_12   |Yeh_Jen_Modified_Booth_Decoder__523 |     1|
|542   |  Dec_30_13   |Yeh_Jen_Modified_Booth_Decoder__524 |     1|
|543   |  Dec_30_14   |Yeh_Jen_Modified_Booth_Decoder__525 |     1|
|544   |  Dec_30_15   |Yeh_Jen_Modified_Booth_Decoder__526 |     1|
|545   |  Dec_30_16   |Yeh_Jen_Modified_Booth_Decoder__527 |     1|
|546   |  Dec_30_17   |Yeh_Jen_Modified_Booth_Decoder__528 |     1|
|547   |  Dec_30_18   |Yeh_Jen_Modified_Booth_Decoder__529 |     1|
|548   |  Dec_30_19   |Yeh_Jen_Modified_Booth_Decoder__530 |     1|
|549   |  Dec_30_20   |Yeh_Jen_Modified_Booth_Decoder__531 |     1|
|550   |  Dec_30_21   |Yeh_Jen_Modified_Booth_Decoder__532 |     1|
|551   |  Dec_30_22   |Yeh_Jen_Modified_Booth_Decoder__533 |     1|
|552   |  Dec_30_23   |Yeh_Jen_Modified_Booth_Decoder__534 |     1|
|553   |  Dec_30_24   |Yeh_Jen_Modified_Booth_Decoder__535 |     1|
|554   |  Dec_30_25   |Yeh_Jen_Modified_Booth_Decoder__536 |     1|
|555   |  Dec_30_26   |Yeh_Jen_Modified_Booth_Decoder__537 |     1|
|556   |  Dec_30_27   |Yeh_Jen_Modified_Booth_Decoder__538 |     1|
|557   |  Dec_30_28   |Yeh_Jen_Modified_Booth_Decoder__539 |     1|
|558   |  Dec_30_29   |Yeh_Jen_Modified_Booth_Decoder__540 |     1|
|559   |  Dec_30_30   |Yeh_Jen_Modified_Booth_Decoder__541 |     1|
|560   |  Dec_30_31   |Yeh_Jen_Modified_Booth_Decoder__542 |     1|
|561   |  Dec_30_32   |Yeh_Jen_Modified_Booth_Decoder__543 |     1|
|562   |  Dec_30_33   |Yeh_Jen_Modified_Booth_Decoder__544 |     1|
|563   |  Enc_32      |Yeh_Jen_Modified_Booth_Encoder      |     1|
|564   |  Dec_32_0    |Yeh_Jen_Modified_Booth_Decoder__545 |     1|
|565   |  Dec_32_1    |Yeh_Jen_Modified_Booth_Decoder__546 |     1|
|566   |  Dec_32_2    |Yeh_Jen_Modified_Booth_Decoder__547 |     1|
|567   |  Dec_32_3    |Yeh_Jen_Modified_Booth_Decoder__548 |     1|
|568   |  Dec_32_4    |Yeh_Jen_Modified_Booth_Decoder__549 |     1|
|569   |  Dec_32_5    |Yeh_Jen_Modified_Booth_Decoder__550 |     1|
|570   |  Dec_32_6    |Yeh_Jen_Modified_Booth_Decoder__551 |     1|
|571   |  Dec_32_7    |Yeh_Jen_Modified_Booth_Decoder__552 |     1|
|572   |  Dec_32_8    |Yeh_Jen_Modified_Booth_Decoder__553 |     1|
|573   |  Dec_32_9    |Yeh_Jen_Modified_Booth_Decoder__554 |     1|
|574   |  Dec_32_10   |Yeh_Jen_Modified_Booth_Decoder__555 |     1|
|575   |  Dec_32_11   |Yeh_Jen_Modified_Booth_Decoder__556 |     1|
|576   |  Dec_32_12   |Yeh_Jen_Modified_Booth_Decoder__557 |     1|
|577   |  Dec_32_13   |Yeh_Jen_Modified_Booth_Decoder__558 |     1|
|578   |  Dec_32_14   |Yeh_Jen_Modified_Booth_Decoder__559 |     1|
|579   |  Dec_32_15   |Yeh_Jen_Modified_Booth_Decoder__560 |     1|
|580   |  Dec_32_16   |Yeh_Jen_Modified_Booth_Decoder__561 |     1|
|581   |  Dec_32_17   |Yeh_Jen_Modified_Booth_Decoder__562 |     1|
|582   |  Dec_32_18   |Yeh_Jen_Modified_Booth_Decoder__563 |     1|
|583   |  Dec_32_19   |Yeh_Jen_Modified_Booth_Decoder__564 |     1|
|584   |  Dec_32_20   |Yeh_Jen_Modified_Booth_Decoder__565 |     1|
|585   |  Dec_32_21   |Yeh_Jen_Modified_Booth_Decoder__566 |     1|
|586   |  Dec_32_22   |Yeh_Jen_Modified_Booth_Decoder__567 |     1|
|587   |  Dec_32_23   |Yeh_Jen_Modified_Booth_Decoder__568 |     1|
|588   |  Dec_32_24   |Yeh_Jen_Modified_Booth_Decoder__569 |     1|
|589   |  Dec_32_25   |Yeh_Jen_Modified_Booth_Decoder__570 |     1|
|590   |  Dec_32_26   |Yeh_Jen_Modified_Booth_Decoder__571 |     1|
|591   |  Dec_32_27   |Yeh_Jen_Modified_Booth_Decoder__572 |     1|
|592   |  Dec_32_28   |Yeh_Jen_Modified_Booth_Decoder__573 |     1|
|593   |  Dec_32_29   |Yeh_Jen_Modified_Booth_Decoder__574 |     1|
|594   |  Dec_32_30   |Yeh_Jen_Modified_Booth_Decoder__575 |     1|
|595   |  Dec_32_31   |Yeh_Jen_Modified_Booth_Decoder      |     1|
|596   |  Neg_2       |Negate_bit_add__2                   |     1|
|597   |  Neg_4       |Negate_bit_add__3                   |     1|
|598   |  Neg_6       |Negate_bit_add__4                   |     1|
|599   |  Neg_8       |Negate_bit_add__5                   |     1|
|600   |  Neg_10      |Negate_bit_add__6                   |     1|
|601   |  Neg_12      |Negate_bit_add__7                   |     1|
|602   |  Neg_14      |Negate_bit_add__8                   |     1|
|603   |  Neg_16      |Negate_bit_add__9                   |     1|
|604   |  Neg_18      |Negate_bit_add__10                  |     1|
|605   |  Neg_20      |Negate_bit_add__11                  |     1|
|606   |  Neg_22      |Negate_bit_add__12                  |     1|
|607   |  Neg_24      |Negate_bit_add__13                  |     1|
|608   |  Neg_26      |Negate_bit_add__14                  |     1|
|609   |  Neg_28      |Negate_bit_add__15                  |     1|
|610   |  Neg_30      |Negate_bit_add__16                  |     1|
|611   |  Neg_32      |Negate_bit_add                      |     1|
|612   |  HA_0_0      |ha__1                               |     2|
|613   |  HA_0_1      |ha__2                               |     2|
|614   |  FA_0_0      |fa__1                               |     2|
|615   |  HA_0_2      |ha__3                               |     2|
|616   |  FA_0_1      |fa__2                               |     2|
|617   |  HA_0_3      |ha__4                               |     2|
|618   |  FA_0_2      |fa__3                               |     2|
|619   |  FA_0_3      |fa__4                               |     2|
|620   |  HA_0_4      |ha__5                               |     2|
|621   |  FA_0_4      |fa__5                               |     2|
|622   |  FA_0_5      |fa__6                               |     2|
|623   |  HA_0_5      |ha__6                               |     2|
|624   |  FA_0_6      |fa__7                               |     2|
|625   |  FA_0_7      |fa__8                               |     2|
|626   |  FA_0_8      |fa__9                               |     2|
|627   |  HA_0_6      |ha__7                               |     2|
|628   |  FA_0_9      |fa__10                              |     2|
|629   |  FA_0_10     |fa__11                              |     2|
|630   |  FA_0_11     |fa__12                              |     2|
|631   |  HA_0_7      |ha__8                               |     2|
|632   |  FA_0_12     |fa__13                              |     2|
|633   |  FA_0_13     |fa__14                              |     2|
|634   |  FA_0_14     |fa__15                              |     2|
|635   |  FA_0_15     |fa__16                              |     2|
|636   |  HA_0_8      |ha__9                               |     2|
|637   |  FA_0_16     |fa__17                              |     2|
|638   |  FA_0_17     |fa__18                              |     2|
|639   |  FA_0_18     |fa__19                              |     2|
|640   |  FA_0_19     |fa__20                              |     2|
|641   |  FA_0_20     |fa__21                              |     2|
|642   |  FA_0_21     |fa__22                              |     2|
|643   |  FA_0_22     |fa__23                              |     2|
|644   |  FA_0_23     |fa__24                              |     2|
|645   |  FA_0_24     |fa__25                              |     2|
|646   |  HA_0_9      |ha__10                              |     2|
|647   |  FA_0_25     |fa__26                              |     2|
|648   |  FA_0_26     |fa__27                              |     2|
|649   |  FA_0_27     |fa__28                              |     2|
|650   |  FA_0_28     |fa__29                              |     2|
|651   |  FA_0_29     |fa__30                              |     2|
|652   |  FA_0_30     |fa__31                              |     2|
|653   |  FA_0_31     |fa__32                              |     2|
|654   |  HA_0_10     |ha__11                              |     2|
|655   |  FA_0_32     |fa__33                              |     2|
|656   |  FA_0_33     |fa__34                              |     2|
|657   |  FA_0_34     |fa__35                              |     2|
|658   |  FA_0_35     |fa__36                              |     2|
|659   |  FA_0_36     |fa__37                              |     2|
|660   |  HA_0_11     |ha__12                              |     2|
|661   |  FA_0_37     |fa__38                              |     2|
|662   |  FA_0_38     |fa__39                              |     2|
|663   |  FA_0_39     |fa__40                              |     2|
|664   |  HA_0_12     |ha__13                              |     2|
|665   |  FA_0_40     |fa__41                              |     2|
|666   |  HA_0_13     |ha__14                              |     2|
|667   |  HA_1_14     |ha__15                              |     2|
|668   |  HA_1_15     |ha__16                              |     2|
|669   |  FA_1_41     |fa__42                              |     2|
|670   |  HA_1_16     |ha__17                              |     2|
|671   |  FA_1_42     |fa__43                              |     2|
|672   |  HA_1_17     |ha__18                              |     2|
|673   |  FA_1_43     |fa__44                              |     2|
|674   |  FA_1_44     |fa__45                              |     2|
|675   |  HA_1_18     |ha__19                              |     2|
|676   |  FA_1_45     |fa__46                              |     2|
|677   |  FA_1_46     |fa__47                              |     2|
|678   |  HA_1_19     |ha__20                              |     2|
|679   |  FA_1_47     |fa__48                              |     2|
|680   |  FA_1_48     |fa__49                              |     2|
|681   |  FA_1_49     |fa__50                              |     2|
|682   |  HA_1_20     |ha__21                              |     2|
|683   |  FA_1_50     |fa__51                              |     2|
|684   |  FA_1_51     |fa__52                              |     2|
|685   |  FA_1_52     |fa__53                              |     2|
|686   |  HA_1_21     |ha__22                              |     2|
|687   |  FA_1_53     |fa__54                              |     2|
|688   |  FA_1_54     |fa__55                              |     2|
|689   |  FA_1_55     |fa__56                              |     2|
|690   |  FA_1_56     |fa__57                              |     2|
|691   |  FA_1_57     |fa__58                              |     2|
|692   |  FA_1_58     |fa__59                              |     2|
|693   |  FA_1_59     |fa__60                              |     2|
|694   |  FA_1_60     |fa__61                              |     2|
|695   |  FA_1_61     |fa__62                              |     2|
|696   |  FA_1_62     |fa__63                              |     2|
|697   |  FA_1_63     |fa__64                              |     2|
|698   |  FA_1_64     |fa__65                              |     2|
|699   |  FA_1_65     |fa__66                              |     2|
|700   |  FA_1_66     |fa__67                              |     2|
|701   |  FA_1_67     |fa__68                              |     2|
|702   |  FA_1_68     |fa__69                              |     2|
|703   |  FA_1_69     |fa__70                              |     2|
|704   |  FA_1_70     |fa__71                              |     2|
|705   |  FA_1_71     |fa__72                              |     2|
|706   |  FA_1_72     |fa__73                              |     2|
|707   |  FA_1_73     |fa__74                              |     2|
|708   |  FA_1_74     |fa__75                              |     2|
|709   |  FA_1_75     |fa__76                              |     2|
|710   |  FA_1_76     |fa__77                              |     2|
|711   |  FA_1_77     |fa__78                              |     2|
|712   |  FA_1_78     |fa__79                              |     2|
|713   |  FA_1_79     |fa__80                              |     2|
|714   |  FA_1_80     |fa__81                              |     2|
|715   |  FA_1_81     |fa__82                              |     2|
|716   |  FA_1_82     |fa__83                              |     2|
|717   |  FA_1_83     |fa__84                              |     2|
|718   |  FA_1_84     |fa__85                              |     2|
|719   |  FA_1_85     |fa__86                              |     2|
|720   |  FA_1_86     |fa__87                              |     2|
|721   |  FA_1_87     |fa__88                              |     2|
|722   |  FA_1_88     |fa__89                              |     2|
|723   |  FA_1_89     |fa__90                              |     2|
|724   |  FA_1_90     |fa__91                              |     2|
|725   |  FA_1_91     |fa__92                              |     2|
|726   |  FA_1_92     |fa__93                              |     2|
|727   |  FA_1_93     |fa__94                              |     2|
|728   |  FA_1_94     |fa__95                              |     2|
|729   |  FA_1_95     |fa__96                              |     2|
|730   |  FA_1_96     |fa__97                              |     2|
|731   |  FA_1_97     |fa__98                              |     2|
|732   |  FA_1_98     |fa__99                              |     2|
|733   |  FA_1_99     |fa__100                             |     2|
|734   |  FA_1_100    |fa__101                             |     2|
|735   |  FA_1_101    |fa__102                             |     2|
|736   |  FA_1_102    |fa__103                             |     2|
|737   |  FA_1_103    |fa__104                             |     2|
|738   |  FA_1_104    |fa__105                             |     2|
|739   |  FA_1_105    |fa__106                             |     2|
|740   |  FA_1_106    |fa__107                             |     2|
|741   |  FA_1_107    |fa__108                             |     2|
|742   |  FA_1_108    |fa__109                             |     2|
|743   |  FA_1_109    |fa__110                             |     2|
|744   |  FA_1_110    |fa__111                             |     2|
|745   |  FA_1_111    |fa__112                             |     2|
|746   |  FA_1_112    |fa__113                             |     2|
|747   |  FA_1_113    |fa__114                             |     2|
|748   |  FA_1_114    |fa__115                             |     2|
|749   |  FA_1_115    |fa__116                             |     2|
|750   |  FA_1_116    |fa__117                             |     2|
|751   |  FA_1_117    |fa__118                             |     2|
|752   |  FA_1_118    |fa__119                             |     2|
|753   |  FA_1_119    |fa__120                             |     2|
|754   |  FA_1_120    |fa__121                             |     2|
|755   |  FA_1_121    |fa__122                             |     2|
|756   |  FA_1_122    |fa__123                             |     2|
|757   |  FA_1_123    |fa__124                             |     2|
|758   |  FA_1_124    |fa__125                             |     2|
|759   |  FA_1_125    |fa__126                             |     2|
|760   |  FA_1_126    |fa__127                             |     2|
|761   |  FA_1_127    |fa__128                             |     2|
|762   |  FA_1_128    |fa__129                             |     2|
|763   |  FA_1_129    |fa__130                             |     2|
|764   |  FA_1_130    |fa__131                             |     2|
|765   |  FA_1_131    |fa__132                             |     2|
|766   |  FA_1_132    |fa__133                             |     2|
|767   |  FA_1_133    |fa__134                             |     2|
|768   |  FA_1_134    |fa__135                             |     2|
|769   |  FA_1_135    |fa__136                             |     2|
|770   |  HA_1_22     |ha__23                              |     2|
|771   |  FA_1_136    |fa__137                             |     2|
|772   |  FA_1_137    |fa__138                             |     2|
|773   |  FA_1_138    |fa__139                             |     2|
|774   |  FA_1_139    |fa__140                             |     2|
|775   |  FA_1_140    |fa__141                             |     2|
|776   |  HA_1_23     |ha__24                              |     2|
|777   |  FA_1_141    |fa__142                             |     2|
|778   |  FA_1_142    |fa__143                             |     2|
|779   |  FA_1_143    |fa__144                             |     2|
|780   |  HA_1_24     |ha__25                              |     2|
|781   |  FA_1_144    |fa__145                             |     2|
|782   |  HA_1_25     |ha__26                              |     2|
|783   |  HA_2_26     |ha__27                              |     2|
|784   |  HA_2_27     |ha__28                              |     2|
|785   |  FA_2_145    |fa__146                             |     2|
|786   |  HA_2_28     |ha__29                              |     2|
|787   |  FA_2_146    |fa__147                             |     2|
|788   |  HA_2_29     |ha__30                              |     2|
|789   |  FA_2_147    |fa__148                             |     2|
|790   |  FA_2_148    |fa__149                             |     2|
|791   |  HA_2_30     |ha__31                              |     2|
|792   |  FA_2_149    |fa__150                             |     2|
|793   |  FA_2_150    |fa__151                             |     2|
|794   |  HA_2_31     |ha__32                              |     2|
|795   |  FA_2_151    |fa__152                             |     2|
|796   |  FA_2_152    |fa__153                             |     2|
|797   |  FA_2_153    |fa__154                             |     2|
|798   |  FA_2_154    |fa__155                             |     2|
|799   |  FA_2_155    |fa__156                             |     2|
|800   |  FA_2_156    |fa__157                             |     2|
|801   |  FA_2_157    |fa__158                             |     2|
|802   |  FA_2_158    |fa__159                             |     2|
|803   |  FA_2_159    |fa__160                             |     2|
|804   |  FA_2_160    |fa__161                             |     2|
|805   |  FA_2_161    |fa__162                             |     2|
|806   |  FA_2_162    |fa__163                             |     2|
|807   |  FA_2_163    |fa__164                             |     2|
|808   |  FA_2_164    |fa__165                             |     2|
|809   |  FA_2_165    |fa__166                             |     2|
|810   |  FA_2_166    |fa__167                             |     2|
|811   |  FA_2_167    |fa__168                             |     2|
|812   |  FA_2_168    |fa__169                             |     2|
|813   |  FA_2_169    |fa__170                             |     2|
|814   |  FA_2_170    |fa__171                             |     2|
|815   |  FA_2_171    |fa__172                             |     2|
|816   |  FA_2_172    |fa__173                             |     2|
|817   |  FA_2_173    |fa__174                             |     2|
|818   |  FA_2_174    |fa__175                             |     2|
|819   |  FA_2_175    |fa__176                             |     2|
|820   |  FA_2_176    |fa__177                             |     2|
|821   |  FA_2_177    |fa__178                             |     2|
|822   |  FA_2_178    |fa__179                             |     2|
|823   |  FA_2_179    |fa__180                             |     2|
|824   |  FA_2_180    |fa__181                             |     2|
|825   |  FA_2_181    |fa__182                             |     2|
|826   |  FA_2_182    |fa__183                             |     2|
|827   |  FA_2_183    |fa__184                             |     2|
|828   |  FA_2_184    |fa__185                             |     2|
|829   |  FA_2_185    |fa__186                             |     2|
|830   |  FA_2_186    |fa__187                             |     2|
|831   |  FA_2_187    |fa__188                             |     2|
|832   |  FA_2_188    |fa__189                             |     2|
|833   |  FA_2_189    |fa__190                             |     2|
|834   |  FA_2_190    |fa__191                             |     2|
|835   |  FA_2_191    |fa__192                             |     2|
|836   |  FA_2_192    |fa__193                             |     2|
|837   |  FA_2_193    |fa__194                             |     2|
|838   |  FA_2_194    |fa__195                             |     2|
|839   |  FA_2_195    |fa__196                             |     2|
|840   |  FA_2_196    |fa__197                             |     2|
|841   |  FA_2_197    |fa__198                             |     2|
|842   |  FA_2_198    |fa__199                             |     2|
|843   |  FA_2_199    |fa__200                             |     2|
|844   |  FA_2_200    |fa__201                             |     2|
|845   |  FA_2_201    |fa__202                             |     2|
|846   |  FA_2_202    |fa__203                             |     2|
|847   |  FA_2_203    |fa__204                             |     2|
|848   |  FA_2_204    |fa__205                             |     2|
|849   |  FA_2_205    |fa__206                             |     2|
|850   |  FA_2_206    |fa__207                             |     2|
|851   |  FA_2_207    |fa__208                             |     2|
|852   |  FA_2_208    |fa__209                             |     2|
|853   |  FA_2_209    |fa__210                             |     2|
|854   |  FA_2_210    |fa__211                             |     2|
|855   |  FA_2_211    |fa__212                             |     2|
|856   |  FA_2_212    |fa__213                             |     2|
|857   |  FA_2_213    |fa__214                             |     2|
|858   |  FA_2_214    |fa__215                             |     2|
|859   |  FA_2_215    |fa__216                             |     2|
|860   |  FA_2_216    |fa__217                             |     2|
|861   |  FA_2_217    |fa__218                             |     2|
|862   |  FA_2_218    |fa__219                             |     2|
|863   |  FA_2_219    |fa__220                             |     2|
|864   |  FA_2_220    |fa__221                             |     2|
|865   |  FA_2_221    |fa__222                             |     2|
|866   |  FA_2_222    |fa__223                             |     2|
|867   |  FA_2_223    |fa__224                             |     2|
|868   |  FA_2_224    |fa__225                             |     2|
|869   |  FA_2_225    |fa__226                             |     2|
|870   |  FA_2_226    |fa__227                             |     2|
|871   |  FA_2_227    |fa__228                             |     2|
|872   |  FA_2_228    |fa__229                             |     2|
|873   |  FA_2_229    |fa__230                             |     2|
|874   |  FA_2_230    |fa__231                             |     2|
|875   |  FA_2_231    |fa__232                             |     2|
|876   |  FA_2_232    |fa__233                             |     2|
|877   |  FA_2_233    |fa__234                             |     2|
|878   |  FA_2_234    |fa__235                             |     2|
|879   |  FA_2_235    |fa__236                             |     2|
|880   |  FA_2_236    |fa__237                             |     2|
|881   |  FA_2_237    |fa__238                             |     2|
|882   |  FA_2_238    |fa__239                             |     2|
|883   |  FA_2_239    |fa__240                             |     2|
|884   |  FA_2_240    |fa__241                             |     2|
|885   |  FA_2_241    |fa__242                             |     2|
|886   |  FA_2_242    |fa__243                             |     2|
|887   |  FA_2_243    |fa__244                             |     2|
|888   |  FA_2_244    |fa__245                             |     2|
|889   |  FA_2_245    |fa__246                             |     2|
|890   |  FA_2_246    |fa__247                             |     2|
|891   |  FA_2_247    |fa__248                             |     2|
|892   |  FA_2_248    |fa__249                             |     2|
|893   |  FA_2_249    |fa__250                             |     2|
|894   |  FA_2_250    |fa__251                             |     2|
|895   |  FA_2_251    |fa__252                             |     2|
|896   |  FA_2_252    |fa__253                             |     2|
|897   |  FA_2_253    |fa__254                             |     2|
|898   |  FA_2_254    |fa__255                             |     2|
|899   |  FA_2_255    |fa__256                             |     2|
|900   |  FA_2_256    |fa__257                             |     2|
|901   |  FA_2_257    |fa__258                             |     2|
|902   |  FA_2_258    |fa__259                             |     2|
|903   |  FA_2_259    |fa__260                             |     2|
|904   |  FA_2_260    |fa__261                             |     2|
|905   |  HA_2_32     |ha__33                              |     1|
|906   |  FA_2_261    |fa__262                             |     2|
|907   |  FA_2_262    |fa__263                             |     2|
|908   |  FA_2_263    |fa__264                             |     2|
|909   |  HA_2_33     |ha__34                              |     2|
|910   |  FA_2_264    |fa__265                             |     2|
|911   |  HA_2_34     |ha__35                              |     2|
|912   |  HA_3_35     |ha__36                              |     2|
|913   |  HA_3_36     |ha__37                              |     2|
|914   |  FA_3_265    |fa__266                             |     2|
|915   |  HA_3_37     |ha__38                              |     2|
|916   |  FA_3_266    |fa__267                             |     2|
|917   |  HA_3_38     |ha__39                              |     2|
|918   |  FA_3_267    |fa__268                             |     2|
|919   |  FA_3_268    |fa__269                             |     2|
|920   |  FA_3_269    |fa__270                             |     2|
|921   |  FA_3_270    |fa__271                             |     2|
|922   |  FA_3_271    |fa__272                             |     2|
|923   |  FA_3_272    |fa__273                             |     2|
|924   |  FA_3_273    |fa__274                             |     2|
|925   |  FA_3_274    |fa__275                             |     2|
|926   |  FA_3_275    |fa__276                             |     2|
|927   |  FA_3_276    |fa__277                             |     2|
|928   |  FA_3_277    |fa__278                             |     2|
|929   |  FA_3_278    |fa__279                             |     2|
|930   |  FA_3_279    |fa__280                             |     2|
|931   |  FA_3_280    |fa__281                             |     2|
|932   |  FA_3_281    |fa__282                             |     2|
|933   |  FA_3_282    |fa__283                             |     2|
|934   |  FA_3_283    |fa__284                             |     2|
|935   |  FA_3_284    |fa__285                             |     2|
|936   |  FA_3_285    |fa__286                             |     2|
|937   |  FA_3_286    |fa__287                             |     2|
|938   |  FA_3_287    |fa__288                             |     2|
|939   |  FA_3_288    |fa__289                             |     2|
|940   |  FA_3_289    |fa__290                             |     2|
|941   |  FA_3_290    |fa__291                             |     2|
|942   |  FA_3_291    |fa__292                             |     2|
|943   |  FA_3_292    |fa__293                             |     2|
|944   |  FA_3_293    |fa__294                             |     2|
|945   |  FA_3_294    |fa__295                             |     2|
|946   |  FA_3_295    |fa__296                             |     2|
|947   |  FA_3_296    |fa__297                             |     2|
|948   |  FA_3_297    |fa__298                             |     2|
|949   |  FA_3_298    |fa__299                             |     2|
|950   |  FA_3_299    |fa__300                             |     2|
|951   |  FA_3_300    |fa__301                             |     2|
|952   |  FA_3_301    |fa__302                             |     2|
|953   |  FA_3_302    |fa__303                             |     2|
|954   |  FA_3_303    |fa__304                             |     2|
|955   |  FA_3_304    |fa__305                             |     2|
|956   |  FA_3_305    |fa__306                             |     2|
|957   |  FA_3_306    |fa__307                             |     2|
|958   |  FA_3_307    |fa__308                             |     2|
|959   |  FA_3_308    |fa__309                             |     2|
|960   |  FA_3_309    |fa__310                             |     2|
|961   |  FA_3_310    |fa__311                             |     2|
|962   |  FA_3_311    |fa__312                             |     2|
|963   |  FA_3_312    |fa__313                             |     2|
|964   |  FA_3_313    |fa__314                             |     2|
|965   |  FA_3_314    |fa__315                             |     2|
|966   |  FA_3_315    |fa__316                             |     2|
|967   |  FA_3_316    |fa__317                             |     2|
|968   |  FA_3_317    |fa__318                             |     2|
|969   |  FA_3_318    |fa__319                             |     2|
|970   |  FA_3_319    |fa__320                             |     2|
|971   |  FA_3_320    |fa__321                             |     2|
|972   |  FA_3_321    |fa__322                             |     2|
|973   |  FA_3_322    |fa__323                             |     2|
|974   |  FA_3_323    |fa__324                             |     2|
|975   |  FA_3_324    |fa__325                             |     2|
|976   |  FA_3_325    |fa__326                             |     2|
|977   |  FA_3_326    |fa__327                             |     2|
|978   |  FA_3_327    |fa__328                             |     2|
|979   |  FA_3_328    |fa__329                             |     2|
|980   |  FA_3_329    |fa__330                             |     2|
|981   |  FA_3_330    |fa__331                             |     2|
|982   |  FA_3_331    |fa__332                             |     2|
|983   |  FA_3_332    |fa__333                             |     2|
|984   |  FA_3_333    |fa__334                             |     2|
|985   |  FA_3_334    |fa__335                             |     2|
|986   |  FA_3_335    |fa__336                             |     2|
|987   |  FA_3_336    |fa__337                             |     2|
|988   |  FA_3_337    |fa__338                             |     2|
|989   |  FA_3_338    |fa__339                             |     2|
|990   |  FA_3_339    |fa__340                             |     2|
|991   |  FA_3_340    |fa__341                             |     2|
|992   |  FA_3_341    |fa__342                             |     2|
|993   |  FA_3_342    |fa__343                             |     2|
|994   |  FA_3_343    |fa__344                             |     2|
|995   |  FA_3_344    |fa__345                             |     2|
|996   |  FA_3_345    |fa__346                             |     2|
|997   |  FA_3_346    |fa__347                             |     2|
|998   |  FA_3_347    |fa__348                             |     2|
|999   |  FA_3_348    |fa__349                             |     2|
|1000  |  FA_3_349    |fa__350                             |     2|
|1001  |  FA_3_350    |fa__351                             |     2|
|1002  |  FA_3_351    |fa__352                             |     2|
|1003  |  FA_3_352    |fa__353                             |     2|
|1004  |  FA_3_353    |fa__354                             |     2|
|1005  |  FA_3_354    |fa__355                             |     2|
|1006  |  FA_3_355    |fa__356                             |     2|
|1007  |  FA_3_356    |fa__357                             |     2|
|1008  |  FA_3_357    |fa__358                             |     2|
|1009  |  FA_3_358    |fa__359                             |     2|
|1010  |  FA_3_359    |fa__360                             |     2|
|1011  |  FA_3_360    |fa__361                             |     2|
|1012  |  FA_3_361    |fa__362                             |     2|
|1013  |  FA_3_362    |fa__363                             |     2|
|1014  |  FA_3_363    |fa__364                             |     2|
|1015  |  HA_3_39     |ha__40                              |     1|
|1016  |  FA_3_364    |fa__365                             |     2|
|1017  |  HA_3_40     |ha__41                              |     2|
|1018  |  HA_4_41     |ha__42                              |     2|
|1019  |  HA_4_42     |ha__43                              |     2|
|1020  |  FA_4_365    |fa__366                             |     2|
|1021  |  FA_4_366    |fa__367                             |     2|
|1022  |  FA_4_367    |fa__368                             |     2|
|1023  |  FA_4_368    |fa__369                             |     2|
|1024  |  FA_4_369    |fa__370                             |     2|
|1025  |  FA_4_370    |fa__371                             |     2|
|1026  |  FA_4_371    |fa__372                             |     2|
|1027  |  FA_4_372    |fa__373                             |     2|
|1028  |  FA_4_373    |fa__374                             |     2|
|1029  |  FA_4_374    |fa__375                             |     2|
|1030  |  FA_4_375    |fa__376                             |     2|
|1031  |  FA_4_376    |fa__377                             |     2|
|1032  |  FA_4_377    |fa__378                             |     2|
|1033  |  FA_4_378    |fa__379                             |     2|
|1034  |  FA_4_379    |fa__380                             |     2|
|1035  |  FA_4_380    |fa__381                             |     2|
|1036  |  FA_4_381    |fa__382                             |     2|
|1037  |  FA_4_382    |fa__383                             |     2|
|1038  |  FA_4_383    |fa__384                             |     2|
|1039  |  FA_4_384    |fa__385                             |     2|
|1040  |  FA_4_385    |fa__386                             |     2|
|1041  |  FA_4_386    |fa__387                             |     2|
|1042  |  FA_4_387    |fa__388                             |     2|
|1043  |  FA_4_388    |fa__389                             |     2|
|1044  |  FA_4_389    |fa__390                             |     2|
|1045  |  FA_4_390    |fa__391                             |     2|
|1046  |  FA_4_391    |fa__392                             |     2|
|1047  |  FA_4_392    |fa__393                             |     2|
|1048  |  FA_4_393    |fa__394                             |     2|
|1049  |  FA_4_394    |fa__395                             |     2|
|1050  |  FA_4_395    |fa__396                             |     2|
|1051  |  FA_4_396    |fa__397                             |     2|
|1052  |  FA_4_397    |fa__398                             |     2|
|1053  |  FA_4_398    |fa__399                             |     2|
|1054  |  FA_4_399    |fa__400                             |     2|
|1055  |  FA_4_400    |fa__401                             |     2|
|1056  |  FA_4_401    |fa__402                             |     2|
|1057  |  FA_4_402    |fa__403                             |     2|
|1058  |  FA_4_403    |fa__404                             |     2|
|1059  |  FA_4_404    |fa__405                             |     2|
|1060  |  FA_4_405    |fa__406                             |     2|
|1061  |  FA_4_406    |fa__407                             |     2|
|1062  |  FA_4_407    |fa__408                             |     2|
|1063  |  FA_4_408    |fa__409                             |     2|
|1064  |  FA_4_409    |fa__410                             |     2|
|1065  |  FA_4_410    |fa__411                             |     2|
|1066  |  FA_4_411    |fa__412                             |     2|
|1067  |  FA_4_412    |fa__413                             |     2|
|1068  |  FA_4_413    |fa__414                             |     2|
|1069  |  FA_4_414    |fa__415                             |     2|
|1070  |  FA_4_415    |fa__416                             |     2|
|1071  |  FA_4_416    |fa__417                             |     2|
|1072  |  FA_4_417    |fa__418                             |     2|
|1073  |  FA_4_418    |fa__419                             |     2|
|1074  |  FA_4_419    |fa__420                             |     2|
|1075  |  FA_4_420    |fa__421                             |     2|
|1076  |  HA_4_43     |ha__44                              |     2|
|1077  |  HA_5_44     |ha__45                              |     2|
|1078  |  HA_5_45     |ha                                  |     2|
|1079  |  FA_5_421    |fa__422                             |     2|
|1080  |  FA_5_422    |fa__423                             |     2|
|1081  |  FA_5_423    |fa__424                             |     2|
|1082  |  FA_5_424    |fa__425                             |     2|
|1083  |  FA_5_425    |fa__426                             |     2|
|1084  |  FA_5_426    |fa__427                             |     2|
|1085  |  FA_5_427    |fa__428                             |     2|
|1086  |  FA_5_428    |fa__429                             |     2|
|1087  |  FA_5_429    |fa__430                             |     2|
|1088  |  FA_5_430    |fa__431                             |     2|
|1089  |  FA_5_431    |fa__432                             |     2|
|1090  |  FA_5_432    |fa__433                             |     2|
|1091  |  FA_5_433    |fa__434                             |     2|
|1092  |  FA_5_434    |fa__435                             |     2|
|1093  |  FA_5_435    |fa__436                             |     2|
|1094  |  FA_5_436    |fa__437                             |     2|
|1095  |  FA_5_437    |fa__438                             |     2|
|1096  |  FA_5_438    |fa__439                             |     2|
|1097  |  FA_5_439    |fa__440                             |     2|
|1098  |  FA_5_440    |fa__441                             |     2|
|1099  |  FA_5_441    |fa__442                             |     2|
|1100  |  FA_5_442    |fa__443                             |     2|
|1101  |  FA_5_443    |fa__444                             |     2|
|1102  |  FA_5_444    |fa__445                             |     2|
|1103  |  FA_5_445    |fa__446                             |     2|
|1104  |  FA_5_446    |fa__447                             |     2|
|1105  |  FA_5_447    |fa__448                             |     2|
|1106  |  FA_5_448    |fa__449                             |     2|
|1107  |  FA_5_449    |fa__450                             |     2|
|1108  |  FA_5_450    |fa__451                             |     2|
|1109  |  FA_5_451    |fa__452                             |     2|
|1110  |  FA_5_452    |fa__453                             |     2|
|1111  |  FA_5_453    |fa__454                             |     2|
|1112  |  FA_5_454    |fa__455                             |     2|
|1113  |  FA_5_455    |fa__456                             |     2|
|1114  |  FA_5_456    |fa__457                             |     2|
|1115  |  FA_5_457    |fa__458                             |     2|
|1116  |  FA_5_458    |fa__459                             |     2|
|1117  |  FA_5_459    |fa__460                             |     2|
|1118  |  FA_5_460    |fa__461                             |     2|
|1119  |  FA_5_461    |fa__462                             |     2|
|1120  |  FA_5_462    |fa__463                             |     2|
|1121  |  FA_5_463    |fa__464                             |     2|
|1122  |  FA_5_464    |fa__465                             |     2|
|1123  |  FA_5_465    |fa__466                             |     2|
|1124  |  FA_5_466    |fa__467                             |     2|
|1125  |  FA_5_467    |fa__468                             |     2|
|1126  |  FA_5_468    |fa__469                             |     2|
|1127  |  FA_5_469    |fa__470                             |     2|
|1128  |  FA_5_470    |fa__471                             |     2|
|1129  |  FA_5_471    |fa__472                             |     2|
|1130  |  FA_5_472    |fa__473                             |     2|
|1131  |  FA_5_473    |fa__474                             |     2|
|1132  |  FA_5_474    |fa__475                             |     2|
|1133  |  FA_5_475    |fa__476                             |     2|
|1134  |  FA_5_476    |fa__477                             |     2|
|1135  |  FA_5_477    |fa__478                             |     2|
|1136  |  FA_5_478    |fa__479                             |     2|
|1137  |  FA_5_479    |fa__480                             |     2|
|1138  |  FA_5_480    |fa                                  |     1|
|1139  |  final_adder |BK_Adder_64                         |   188|
+------+--------------+------------------------------------+------+
---------------------------------------------------------------------------------
Finished Writing Synthesis Report : Time (s): cpu = 00:00:14 ; elapsed = 00:00:24 . Memory (MB): peak = 2406.762 ; gain = 6.031 ; free physical = 675 ; free virtual = 5592
---------------------------------------------------------------------------------
Synthesis finished with 0 errors, 0 critical warnings and 0 warnings.
Synthesis Optimization Runtime : Time (s): cpu = 00:00:14 ; elapsed = 00:00:24 . Memory (MB): peak = 2406.762 ; gain = 6.031 ; free physical = 682 ; free virtual = 5599
Synthesis Optimization Complete : Time (s): cpu = 00:00:14 ; elapsed = 00:00:24 . Memory (MB): peak = 2406.770 ; gain = 6.031 ; free physical = 686 ; free virtual = 5603
INFO: [Project 1-571] Translating synthesized netlist
Netlist sorting complete. Time (s): cpu = 00:00:00.01 ; elapsed = 00:00:00.01 . Memory (MB): peak = 2406.770 ; gain = 0.000 ; free physical = 722 ; free virtual = 5639
INFO: [Project 1-570] Preparing netlist for logic optimization
INFO: [Opt 31-138] Pushed 0 inverter(s) to 0 load pin(s).
Netlist sorting complete. Time (s): cpu = 00:00:00 ; elapsed = 00:00:00 . Memory (MB): peak = 2430.773 ; gain = 0.000 ; free physical = 652 ; free virtual = 5579
INFO: [Project 1-111] Unisim Transformation Summary:
No Unisim elements were transformed.

INFO: [Common 17-83] Releasing license: Synthesis
26 Infos, 0 Warnings, 0 Critical Warnings and 0 Errors encountered.
synth_design completed successfully
synth_design: Time (s): cpu = 00:00:20 ; elapsed = 00:00:26 . Memory (MB): peak = 2430.773 ; gain = 30.043 ; free physical = 652 ; free virtual = 5579
INFO: [Common 17-1381] The checkpoint '/home/anupam/SUMBE_Multiplier_32bit/SUMBE_Multiplier_32bit.runs/synth_1/SUMBE_Multiplier_32.dcp' has been generated.
INFO: [runtcl-4] Executing : report_utilization -file SUMBE_Multiplier_32_utilization_synth.rpt -pb SUMBE_Multiplier_32_utilization_synth.pb
INFO: [Common 17-206] Exiting Vivado at Tue May  5 23:41:21 2026...
